Component: ARM Compiler 5.06 update 6 (build 750) Tool: armlink [4d35ed]

==============================================================================

Section Cross References

    startup_stm32l432xx.o(RESET) refers to startup_stm32l432xx.o(STACK) for __initial_sp
    startup_stm32l432xx.o(RESET) refers to startup_stm32l432xx.o(.text) for Reset_Handler
    startup_stm32l432xx.o(RESET) refers to stm32l4xx_it.o(i.NMI_Handler) for NMI_Handler
    startup_stm32l432xx.o(RESET) refers to stm32l4xx_it.o(i.HardFault_Handler) for HardFault_Handler
    startup_stm32l432xx.o(RESET) refers to stm32l4xx_it.o(i.MemManage_Handler) for MemManage_Handler
    startup_stm32l432xx.o(RESET) refers to stm32l4xx_it.o(i.BusFault_Handler) for BusFault_Handler
    startup_stm32l432xx.o(RESET) refers to stm32l4xx_it.o(i.UsageFault_Handler) for UsageFault_Handler
    startup_stm32l432xx.o(RESET) refers to stm32l4xx_it.o(i.SVC_Handler) for SVC_Handler
    startup_stm32l432xx.o(RESET) refers to stm32l4xx_it.o(i.DebugMon_Handler) for DebugMon_Handler
    startup_stm32l432xx.o(RESET) refers to stm32l4xx_it.o(i.PendSV_Handler) for PendSV_Handler
    startup_stm32l432xx.o(RESET) refers to stm32l4xx_it.o(i.SysTick_Handler) for SysTick_Handler
    startup_stm32l432xx.o(.text) refers to system_stm32l4xx.o(i.SystemInit) for SystemInit
    startup_stm32l432xx.o(.text) refers to entry.o(.ARM.Collect$$$$00000000) for __main
    dht22.o(i.DWT_Delay_us) refers to stm32l4xx_hal_rcc.o(i.HAL_RCC_GetHCLKFreq) for HAL_RCC_GetHCLKFreq
    dht22.o(i.dht_hum) refers to main.o(.data) for dht_hum_l
    dht22.o(i.dht_hum) refers to main.o(.data) for dht_hum_h
    dht22.o(i.dht_input) refers to memseta.o(.text) for __aeabi_memclr4
    dht22.o(i.dht_input) refers to stm32l4xx_hal_gpio.o(i.HAL_GPIO_Init) for HAL_GPIO_Init
    dht22.o(i.dht_output) refers to memseta.o(.text) for __aeabi_memclr4
    dht22.o(i.dht_output) refers to stm32l4xx_hal_gpio.o(i.HAL_GPIO_Init) for HAL_GPIO_Init
    dht22.o(i.dht_read) refers to dht22.o(i.dht_start) for dht_start
    dht22.o(i.dht_read) refers to dht22.o(i.dht_ready) for dht_ready
    dht22.o(i.dht_read) refers to dht22.o(i.dht_read_byte) for dht_read_byte
    dht22.o(i.dht_read) refers to main.o(.data) for dht_hum_h
    dht22.o(i.dht_read) refers to main.o(.data) for dht_hum_l
    dht22.o(i.dht_read) refers to main.o(.data) for dht_tmp_h
    dht22.o(i.dht_read) refers to main.o(.data) for dht_tmp_l
    dht22.o(i.dht_read_byte) refers to stm32l4xx_hal_gpio.o(i.HAL_GPIO_ReadPin) for HAL_GPIO_ReadPin
    dht22.o(i.dht_read_byte) refers to dht22.o(i.DWT_Delay_us) for DWT_Delay_us
    dht22.o(i.dht_ready) refers to dht22.o(i.DWT_Delay_us) for DWT_Delay_us
    dht22.o(i.dht_ready) refers to stm32l4xx_hal_gpio.o(i.HAL_GPIO_ReadPin) for HAL_GPIO_ReadPin
    dht22.o(i.dht_start) refers to dht22.o(i.dht_output) for dht_output
    dht22.o(i.dht_start) refers to stm32l4xx_hal_gpio.o(i.HAL_GPIO_WritePin) for HAL_GPIO_WritePin
    dht22.o(i.dht_start) refers to dht22.o(i.DWT_Delay_us) for DWT_Delay_us
    dht22.o(i.dht_start) refers to dht22.o(i.dht_input) for dht_input
    dht22.o(i.dht_tmp) refers to main.o(.data) for dht_hum_h
    dht22.o(i.dht_tmp) refers to main.o(.data) for dht_hum_l
    tcs34725.o(i.TCS34725_Disable) refers to tcs34725.o(i.TCS34725_ReadByte) for TCS34725_ReadByte
    tcs34725.o(i.TCS34725_Disable) refers to tcs34725.o(i.TCS34725_WriteByte) for TCS34725_WriteByte
    tcs34725.o(i.TCS34725_Get_RGBData) refers to tcs34725.o(i.TCS34725_ReadWord) for TCS34725_ReadWord
    tcs34725.o(i.TCS34725_Get_RGBData) refers to stm32l4xx_hal.o(i.HAL_Delay) for HAL_Delay
    tcs34725.o(i.TCS34725_Get_RGBData) refers to tcs34725.o(.data) for .data
    tcs34725.o(i.TCS34725_Init) refers to dev_config.o(i.DEV_Set_I2CAddress) for DEV_Set_I2CAddress
    tcs34725.o(i.TCS34725_Init) refers to tcs34725.o(i.TCS34725_ReadByte) for TCS34725_ReadByte
    tcs34725.o(i.TCS34725_Init) refers to tcs34725.o(i.TCS34725_Set_Integration_Time) for TCS34725_Set_Integration_Time
    tcs34725.o(i.TCS34725_Init) refers to tcs34725.o(i.TCS34725_WriteByte) for TCS34725_WriteByte
    tcs34725.o(i.TCS34725_Init) refers to stm32l4xx_hal.o(i.HAL_Delay) for HAL_Delay
    tcs34725.o(i.TCS34725_Init) refers to tcs34725.o(.data) for .data
    tcs34725.o(i.TCS34725_ReadByte) refers to dev_config.o(i.DEV_I2C_ReadByte) for DEV_I2C_ReadByte
    tcs34725.o(i.TCS34725_ReadWord) refers to dev_config.o(i.DEV_I2C_ReadWord) for DEV_I2C_ReadWord
    tcs34725.o(i.TCS34725_Set_Integration_Time) refers to tcs34725.o(i.TCS34725_WriteByte) for TCS34725_WriteByte
    tcs34725.o(i.TCS34725_Set_Integration_Time) refers to tcs34725.o(.data) for .data
    tcs34725.o(i.TCS34725_WriteByte) refers to dev_config.o(i.DEV_I2C_WriteByte) for DEV_I2C_WriteByte
    dev_config.o(i.DEV_I2C_ReadByte) refers to stm32l4xx_hal_i2c.o(i.HAL_I2C_Mem_Read) for HAL_I2C_Mem_Read
    dev_config.o(i.DEV_I2C_ReadByte) refers to dev_config.o(.data) for .data
[...]
    Removing stm32l4xx_hal_cortex.o(i.HAL_NVIC_EnableIRQ), (26 bytes).
    Removing stm32l4xx_hal_cortex.o(i.HAL_NVIC_GetActive), (36 bytes).
    Removing stm32l4xx_hal_cortex.o(i.HAL_NVIC_GetPendingIRQ), (36 bytes).
    Removing stm32l4xx_hal_cortex.o(i.HAL_NVIC_GetPriority), (82 bytes).
    Removing stm32l4xx_hal_cortex.o(i.HAL_NVIC_GetPriorityGrouping), (16 bytes).
    Removing stm32l4xx_hal_cortex.o(i.HAL_NVIC_SetPendingIRQ), (26 bytes).
    Removing stm32l4xx_hal_cortex.o(i.HAL_NVIC_SystemReset), (36 bytes).
    Removing stm32l4xx_hal_cortex.o(i.HAL_SYSTICK_CLKSourceConfig), (24 bytes).
    Removing stm32l4xx_hal_cortex.o(i.HAL_SYSTICK_Callback), (2 bytes).
    Removing stm32l4xx_hal_cortex.o(i.HAL_SYSTICK_IRQHandler), (8 bytes).
    Removing stm32l4xx_hal_exti.o(.rev16_text), (4 bytes).
    Removing stm32l4xx_hal_exti.o(.revsh_text), (4 bytes).
    Removing stm32l4xx_hal_exti.o(.rrx_text), (6 bytes).
    Removing stm32l4xx_hal_exti.o(i.HAL_EXTI_ClearConfigLine), (128 bytes).
    Removing stm32l4xx_hal_exti.o(i.HAL_EXTI_ClearPending), (28 bytes).
    Removing stm32l4xx_hal_exti.o(i.HAL_EXTI_GenerateSWI), (28 bytes).
    Removing stm32l4xx_hal_exti.o(i.HAL_EXTI_GetConfigLine), (172 bytes).
    Removing stm32l4xx_hal_exti.o(i.HAL_EXTI_GetHandle), (12 bytes).
    Removing stm32l4xx_hal_exti.o(i.HAL_EXTI_GetPending), (32 bytes).
    Removing stm32l4xx_hal_exti.o(i.HAL_EXTI_IRQHandler), (44 bytes).
    Removing stm32l4xx_hal_exti.o(i.HAL_EXTI_RegisterCallback), (14 bytes).
    Removing stm32l4xx_hal_exti.o(i.HAL_EXTI_SetConfigLine), (176 bytes).
    Removing system_stm32l4xx.o(.rev16_text), (4 bytes).
    Removing system_stm32l4xx.o(.revsh_text), (4 bytes).
    Removing system_stm32l4xx.o(.rrx_text), (6 bytes).
    Removing system_stm32l4xx.o(i.SystemCoreClockUpdate), (168 bytes).
    Removing dneg.o(.text), (6 bytes).
    Removing dfixul.o(.text), (48 bytes).
    Removing cdcmple.o(.text), (48 bytes).

458 unused section(s) (total 31290 bytes) removed from the image.

==============================================================================

Image Symbol Table

    Local Symbols

    Symbol Name                              Value     Ov Type        Size  Object(Section)

    ../Drivers/STM32L4xx_HAL_Driver/Src/stm32l4xx_hal.c 0x00000000   Number         0  stm32l4xx_hal.o ABSOLUTE
    ../Drivers/STM32L4xx_HAL_Driver/Src/stm32l4xx_hal_adc.c 0x00000000   Number         0  stm32l4xx_hal_adc.o ABSOLUTE
    ../Drivers/STM32L4xx_HAL_Driver/Src/stm32l4xx_hal_adc_ex.c 0x00000000   Number         0  stm32l4xx_hal_adc_ex.o ABSOLUTE
    ../Drivers/STM32L4xx_HAL_Driver/Src/stm32l4xx_hal_cortex.c 0x00000000   Number         0  stm32l4xx_hal_cortex.o ABSOLUTE
    ../Drivers/STM32L4xx_HAL_Driver/Src/stm32l4xx_hal_dma.c 0x00000000   Number         0  stm32l4xx_hal_dma.o ABSOLUTE
    ../Drivers/STM32L4xx_HAL_Driver/Src/stm32l4xx_hal_dma_ex.c 0x00000000   Number         0  stm32l4xx_hal_dma_ex.o ABSOLUTE
    ../Drivers/STM32L4xx_HAL_Driver/Src/stm32l4xx_hal_exti.c 0x00000000   Number         0  stm32l4xx_hal_exti.o ABSOLUTE
    ../Drivers/STM32L4xx_HAL_Driver/Src/stm32l4xx_hal_flash.c 0x00000000   Number         0  stm32l4xx_hal_flash.o ABSOLUTE
    ../Drivers/STM32L4xx_HAL_Driver/Src/stm32l4xx_hal_flash_ex.c 0x00000000   Number         0  stm32l4xx_hal_flash_ex.o ABSOLUTE
    ../Drivers/STM32L4xx_HAL_Driver/Src/stm32l4xx_hal_flash_ramfunc.c 0x00000000   Number         0  stm32l4xx_hal_flash_ramfunc.o ABSOLUTE
    ../Drivers/STM32L4xx_HAL_Driver/Src/stm32l4xx_hal_gpio.c 0x00000000   Number         0  stm32l4xx_hal_gpio.o ABSOLUTE
    ../Drivers/STM32L4xx_HAL_Driver/Src/stm32l4xx_hal_i2c.c 0x00000000   Number         0  stm32l4xx_hal_i2c.o ABSOLUTE
    ../Drivers/STM32L4xx_HAL_Driver/Src/stm32l4xx_hal_i2c_ex.c 0x00000000   Number         0  stm32l4xx_hal_i2c_ex.o ABSOLUTE
    ../Drivers/STM32L4xx_HAL_Driver/Src/stm32l4xx_hal_pwr.c 0x00000000   Number         0  stm32l4xx_hal_pwr.o ABSOLUTE
    ../Drivers/STM32L4xx_HAL_Driver/Src/stm32l4xx_hal_pwr_ex.c 0x00000000   Number         0  stm32l4xx_hal_pwr_ex.o ABSOLUTE
    ../Drivers/STM32L4xx_HAL_Driver/Src/stm32l4xx_hal_rcc.c 0x00000000   Number         0  stm32l4xx_hal_rcc.o ABSOLUTE
    ../Drivers/STM32L4xx_HAL_Driver/Src/stm32l4xx_hal_rcc_ex.c 0x00000000   Number         0  stm32l4xx_hal_rcc_ex.o ABSOLUTE
    ../Drivers/STM32L4xx_HAL_Driver/Src/stm32l4xx_hal_tim.c 0x00000000   Number         0  stm32l4xx_hal_tim.o ABSOLUTE
    ../Drivers/STM32L4xx_HAL_Driver/Src/stm32l4xx_hal_tim_ex.c 0x00000000   Number         0  stm32l4xx_hal_tim_ex.o ABSOLUTE
    ../Drivers/STM32L4xx_HAL_Driver/Src/stm32l4xx_hal_uart.c 0x00000000   Number         0  stm32l4xx_hal_uart.o ABSOLUTE
    ../Drivers/STM32L4xx_HAL_Driver/Src/stm32l4xx_hal_uart_ex.c 0x00000000   Number         0  stm32l4xx_hal_uart_ex.o ABSOLUTE
    ../Src/main.c                            0x00000000   Number         0  main.o ABSOLUTE
    ../Src/stm32l4xx_hal_msp.c               0x00000000   Number         0  stm32l4xx_hal_msp.o ABSOLUTE
    ../Src/stm32l4xx_it.c                    0x00000000   Number         0  stm32l4xx_it.o ABSOLUTE
    ../Src/system_stm32l4xx.c                0x00000000   Number         0  system_stm32l4xx.o ABSOLUTE
    ../clib/microlib/division.c              0x00000000   Number         0  uidiv.o ABSOLUTE
    ../clib/microlib/division.c              0x00000000   Number         0  uldiv.o ABSOLUTE
    ../clib/microlib/errno.c                 0x00000000   Number         0  errno.o ABSOLUTE
    ../clib/microlib/init/entry.s            0x00000000   Number         0  entry.o ABSOLUTE
    ../clib/microlib/init/entry.s            0x00000000   Number         0  entry10a.o ABSOLUTE
    ../clib/microlib/init/entry.s            0x00000000   Number         0  entry7a.o ABSOLUTE
    ../clib/microlib/init/entry.s            0x00000000   Number         0  entry7b.o ABSOLUTE
    ../clib/microlib/init/entry.s            0x00000000   Number         0  entry8a.o ABSOLUTE
    ../clib/microlib/init/entry.s            0x00000000   Number         0  entry8b.o ABSOLUTE
    ../clib/microlib/init/entry.s            0x00000000   Number         0  entry9a.o ABSOLUTE
    ../clib/microlib/init/entry.s            0x00000000   Number         0  entry11b.o ABSOLUTE
    ../clib/microlib/init/entry.s            0x00000000   Number         0  entry9b.o ABSOLUTE
    ../clib/microlib/init/entry.s            0x00000000   Number         0  entry10b.o ABSOLUTE
    ../clib/microlib/init/entry.s            0x00000000   Number         0  entry2.o ABSOLUTE
    ../clib/microlib/init/entry.s            0x00000000   Number         0  entry5.o ABSOLUTE
    ../clib/microlib/init/entry.s            0x00000000   Number         0  entry11a.o ABSOLUTE
    ../clib/microlib/longlong.c              0x00000000   Number         0  llshl.o ABSOLUTE
    ../clib/microlib/longlong.c              0x00000000   Number         0  llsshr.o ABSOLUTE
    ../clib/microlib/longlong.c              0x00000000   Number         0  llushr.o ABSOLUTE
    ../clib/microlib/printf/printf.c         0x00000000   Number         0  printf1.o ABSOLUTE
    ../clib/microlib/printf/printf.c         0x00000000   Number         0  printf2.o ABSOLUTE
    ../clib/microlib/printf/printf.c         0x00000000   Number         0  printf4.o ABSOLUTE
    ../clib/microlib/printf/printf.c         0x00000000   Number         0  printf5.o ABSOLUTE
    ../clib/microlib/printf/printf.c         0x00000000   Number         0  printf6.o ABSOLUTE
    ../clib/microlib/printf/printf.c         0x00000000   Number         0  printf7.o ABSOLUTE
    ../clib/microlib/printf/printf.c         0x00000000   Number         0  printf3.o ABSOLUTE
    ../clib/microlib/printf/printf.c         0x00000000   Number         0  printfb.o ABSOLUTE
    ../clib/microlib/printf/printf.c         0x00000000   Number         0  printf0.o ABSOLUTE
    ../clib/microlib/printf/printf.c         0x00000000   Number         0  printf8.o ABSOLUTE
    ../clib/microlib/printf/printf.c         0x00000000   Number         0  printfa.o ABSOLUTE
    ../clib/microlib/printf/stubs.s          0x00000000   Number         0  stubs.o ABSOLUTE
    ../clib/microlib/stdio/fputc.c           0x00000000   Number         0  fputc.o ABSOLUTE
    ../clib/microlib/stdio/semi.s            0x00000000   Number         0  semi.o ABSOLUTE
    ../clib/microlib/stdio/streams.c         0x00000000   Number         0  stdout.o ABSOLUTE
    ../clib/microlib/string/memset.c         0x00000000   Number         0  memseta.o ABSOLUTE
    ../clib/microlib/stubs.s                 0x00000000   Number         0  iusefp.o ABSOLUTE
    ../clib/microlib/stubs.s                 0x00000000   Number         0  iusesemip.o ABSOLUTE
    ../fplib/microlib/d2f.c                  0x00000000   Number         0  d2f.o ABSOLUTE
    ../fplib/microlib/f2d.c                  0x00000000   Number         0  f2d.o ABSOLUTE
    ../fplib/microlib/fpadd.c                0x00000000   Number         0  dadd.o ABSOLUTE
    ../fplib/microlib/fpdiv.c                0x00000000   Number         0  ddiv.o ABSOLUTE
    ../fplib/microlib/fpepilogue.c           0x00000000   Number         0  depilogue.o ABSOLUTE
    ../fplib/microlib/fpepilogue.c           0x00000000   Number         0  fepilogue.o ABSOLUTE
    ../fplib/microlib/fpfix.c                0x00000000   Number         0  dfixi.o ABSOLUTE
    ../fplib/microlib/fpfix.c                0x00000000   Number         0  dfixul.o ABSOLUTE
    ../fplib/microlib/fpflt.c                0x00000000   Number         0  dflti.o ABSOLUTE
    ../fplib/microlib/fpmul.c                0x00000000   Number         0  dmul.o ABSOLUTE
    ../fplib/microlib/fpneg.c                0x00000000   Number         0  dneg.o ABSOLUTE
    ../fplib/microlib/fpscalb.c              0x00000000   Number         0  dscalb.o ABSOLUTE
    ../fplib/microlib/fpsqrt.c               0x00000000   Number         0  dsqrt.o ABSOLUTE
    ../mathlib/dunder.c                      0x00000000   Number         0  dunder.o ABSOLUTE
    ../mathlib/fabs.c                        0x00000000   Number         0  fabs.o ABSOLUTE
    ../mathlib/fpclassify.c                  0x00000000   Number         0  fpclassify.o ABSOLUTE
    ../mathlib/poly.c                        0x00000000   Number         0  poly.o ABSOLUTE
    ../mathlib/pow.c                         0x00000000   Number         0  pow_x.o ABSOLUTE
    ../mathlib/pow.c                         0x00000000   Number         0  pow.o ABSOLUTE
    ../mathlib/qnan.c                        0x00000000   Number         0  qnan.o ABSOLUTE
    ../mathlib/sqrt.c                        0x00000000   Number         0  sqrt_x.o ABSOLUTE
    ../mathlib/sqrt.c                        0x00000000   Number         0  sqrt.o ABSOLUTE
    ..\Drivers\STM32L4xx_HAL_Driver\Src\stm32l4xx_hal.c 0x00000000   Number         0  stm32l4xx_hal.o ABSOLUTE
    ..\Drivers\STM32L4xx_HAL_Driver\Src\stm32l4xx_hal_adc.c 0x00000000   Number         0  stm32l4xx_hal_adc.o ABSOLUTE
    ..\Drivers\STM32L4xx_HAL_Driver\Src\stm32l4xx_hal_adc_ex.c 0x00000000   Number         0  stm32l4xx_hal_adc_ex.o ABSOLUTE
    ..\Drivers\STM32L4xx_HAL_Driver\Src\stm32l4xx_hal_cortex.c 0x00000000   Number         0  stm32l4xx_hal_cortex.o ABSOLUTE
    ..\Drivers\STM32L4xx_HAL_Driver\Src\stm32l4xx_hal_dma.c 0x00000000   Number         0  stm32l4xx_hal_dma.o ABSOLUTE
    ..\Drivers\STM32L4xx_HAL_Driver\Src\stm32l4xx_hal_dma_ex.c 0x00000000   Number         0  stm32l4xx_hal_dma_ex.o ABSOLUTE
    ..\Drivers\STM32L4xx_HAL_Driver\Src\stm32l4xx_hal_exti.c 0x00000000   Number         0  stm32l4xx_hal_exti.o ABSOLUTE
    ..\Drivers\STM32L4xx_HAL_Driver\Src\stm32l4xx_hal_flash.c 0x00000000   Number         0  stm32l4xx_hal_flash.o ABSOLUTE
    ..\Drivers\STM32L4xx_HAL_Driver\Src\stm32l4xx_hal_flash_ex.c 0x00000000   Number         0  stm32l4xx_hal_flash_ex.o ABSOLUTE
    ..\Drivers\STM32L4xx_HAL_Driver\Src\stm32l4xx_hal_flash_ramfunc.c 0x00000000   Number         0  stm32l4xx_hal_flash_ramfunc.o ABSOLUTE
    ..\Drivers\STM32L4xx_HAL_Driver\Src\stm32l4xx_hal_gpio.c 0x00000000   Number         0  stm32l4xx_hal_gpio.o ABSOLUTE
    ..\Drivers\STM32L4xx_HAL_Driver\Src\stm32l4xx_hal_i2c.c 0x00000000   Number         0  stm32l4xx_hal_i2c.o ABSOLUTE
    ..\Drivers\STM32L4xx_HAL_Driver\Src\stm32l4xx_hal_i2c_ex.c 0x00000000   Number         0  stm32l4xx_hal_i2c_ex.o ABSOLUTE
    ..\Drivers\STM32L4xx_HAL_Driver\Src\stm32l4xx_hal_pwr.c 0x00000000   Number         0  stm32l4xx_hal_pwr.o ABSOLUTE
    ..\Drivers\STM32L4xx_HAL_Driver\Src\stm32l4xx_hal_pwr_ex.c 0x00000000   Number         0  stm32l4xx_hal_pwr_ex.o ABSOLUTE
    ..\Drivers\STM32L4xx_HAL_Driver\Src\stm32l4xx_hal_rcc.c 0x00000000   Number         0  stm32l4xx_hal_rcc.o ABSOLUTE
    ..\Drivers\STM32L4xx_HAL_Driver\Src\stm32l4xx_hal_rcc_ex.c 0x00000000   Number         0  stm32l4xx_hal_rcc_ex.o ABSOLUTE
    ..\Drivers\STM32L4xx_HAL_Driver\Src\stm32l4xx_hal_tim.c 0x00000000   Number         0  stm32l4xx_hal_tim.o ABSOLUTE
    ..\Drivers\STM32L4xx_HAL_Driver\Src\stm32l4xx_hal_tim_ex.c 0x00000000   Number         0  stm32l4xx_hal_tim_ex.o ABSOLUTE
    ..\Drivers\STM32L4xx_HAL_Driver\Src\stm32l4xx_hal_uart.c 0x00000000   Number         0  stm32l4xx_hal_uart.o ABSOLUTE
    ..\Drivers\STM32L4xx_HAL_Driver\Src\stm32l4xx_hal_uart_ex.c 0x00000000   Number         0  stm32l4xx_hal_uart_ex.o ABSOLUTE
    ..\Src\main.c                            0x00000000   Number         0  main.o ABSOLUTE
    ..\Src\stm32l4xx_hal_msp.c               0x00000000   Number         0  stm32l4xx_hal_msp.o ABSOLUTE
    ..\Src\stm32l4xx_it.c                    0x00000000   Number         0  stm32l4xx_it.o ABSOLUTE
    ..\Src\system_stm32l4xx.c                0x00000000   Number         0  system_stm32l4xx.o ABSOLUTE
    DEV_Config.c                             0x00000000   Number         0  dev_config.o ABSOLUTE
    DEV_Config.c                             0x00000000   Number         0  dev_config.o ABSOLUTE
    DHT22.c                                  0x00000000   Number         0  dht22.o ABSOLUTE
    DHT22.c                                  0x00000000   Number         0  dht22.o ABSOLUTE
    Sigfox.c                                 0x00000000   Number         0  sigfox.o ABSOLUTE
    Sigfox.c                                 0x00000000   Number         0  sigfox.o ABSOLUTE
    TCS34725.c                               0x00000000   Number         0  tcs34725.o ABSOLUTE
    TCS34725.c                               0x00000000   Number         0  tcs34725.o ABSOLUTE
    cdcmple.s                                0x00000000   Number         0  cdcmple.o ABSOLUTE
    cdrcmple.s                               0x00000000   Number         0  cdrcmple.o ABSOLUTE
    dc.s                                     0x00000000   Number         0  dc.o ABSOLUTE
    ds18b20.c                                0x00000000   Number         0  ds18b20.o ABSOLUTE
    ds18b20.c                                0x00000000   Number         0  ds18b20.o ABSOLUTE
    dwt_stm32_delay.c                        0x00000000   Number         0  dwt_stm32_delay.o ABSOLUTE
    dwt_stm32_delay.c                        0x00000000   Number         0  dwt_stm32_delay.o ABSOLUTE
    handlers.s                               0x00000000   Number         0  handlers.o ABSOLUTE
    init.s                                   0x00000000   Number         0  init.o ABSOLUTE
    startup_stm32l432xx.s                    0x00000000   Number         0  startup_stm32l432xx.o ABSOLUTE
    RESET                                    0x08000000   Section      396  startup_stm32l432xx.o(RESET)
    .ARM.Collect$$$$00000000                 0x0800018c   Section        0  entry.o(.ARM.Collect$$$$00000000)
    .ARM.Collect$$$$00000001                 0x0800018c   Section        4  entry2.o(.ARM.Collect$$$$00000001)
    .ARM.Collect$$$$00000004                 0x08000190   Section        4  entry5.o(.ARM.Collect$$$$00000004)
    .ARM.Collect$$$$00000008                 0x08000194   Section        0  entry7b.o(.ARM.Collect$$$$00000008)
    .ARM.Collect$$$$0000000A                 0x08000194   Section        0  entry8b.o(.ARM.Collect$$$$0000000A)
    .ARM.Collect$$$$0000000B                 0x08000194   Section        8  entry9a.o(.ARM.Collect$$$$0000000B)
    .ARM.Collect$$$$0000000D                 0x0800019c   Section        0  entry10a.o(.ARM.Collect$$$$0000000D)
    .ARM.Collect$$$$0000000F                 0x0800019c   Section        0  entry11a.o(.ARM.Collect$$$$0000000F)
    .ARM.Collect$$$$00002712                 0x0800019c   Section        4  entry2.o(.ARM.Collect$$$$00002712)
    __lit__00000000                          0x0800019c   Data           4  entry2.o(.ARM.Collect$$$$00002712)
    .text                                    0x080001a0   Section       36  startup_stm32l432xx.o(.text)
    $v0                                      0x080001a0   Number         0  startup_stm32l432xx.o(.text)
    .text                                    0x080001c4   Section        0  uldiv.o(.text)
    .text                                    0x0800022c   Section        0  memseta.o(.text)
    .text                                    0x08000250   Section        0  dmul.o(.text)
    .text                                    0x0800033a   Section        0  ddiv.o(.text)
    .text                                    0x08000418   Section        0  dflti.o(.text)
    .text                                    0x0800043a   Section        0  dfixi.o(.text)
    .text                                    0x08000478   Section        0  f2d.o(.text)
    .text                                    0x0800049e   Section        0  d2f.o(.text)
    .text                                    0x080004d6   Section        0  llshl.o(.text)
    .text                                    0x080004f4   Section        0  llushr.o(.text)
    .text                                    0x08000514   Section        0  fepilogue.o(.text)
    .text                                    0x08000514   Section        0  iusefp.o(.text)
    .text                                    0x08000582   Section        0  depilogue.o(.text)
    .text                                    0x0800063c   Section        0  dadd.o(.text)
    .text                                    0x0800079a   Section        0  dscalb.o(.text)
    .text                                    0x080007c8   Section       48  cdrcmple.o(.text)
    .text                                    0x080007f8   Section       36  init.o(.text)
    .text                                    0x0800081c   Section        0  llsshr.o(.text)
    .text                                    0x08000840   Section        0  dsqrt.o(.text)
    i.ADC_DMAConvCplt                        0x080008e2   Section        0  stm32l4xx_hal_adc.o(i.ADC_DMAConvCplt)
    i.ADC_DMAError                           0x0800094a   Section        0  stm32l4xx_hal_adc.o(i.ADC_DMAError)
    i.ADC_DMAHalfConvCplt                    0x08000964   Section        0  stm32l4xx_hal_adc.o(i.ADC_DMAHalfConvCplt)
    i.ADC_Enable                             0x08000970   Section        0  stm32l4xx_hal_adc.o(i.ADC_Enable)
    i.BusFault_Handler                       0x080009d8   Section        0  stm32l4xx_it.o(i.BusFault_Handler)
    i.DEV_I2C_ReadWord                       0x080009dc   Section        0  dev_config.o(i.DEV_I2C_ReadWord)
    i.DMA_SetConfig                          0x08000a0c   Section        0  stm32l4xx_hal_dma.o(i.DMA_SetConfig)
    DMA_SetConfig                            0x08000a0d   Thumb Code    46  stm32l4xx_hal_dma.o(i.DMA_SetConfig)
    i.DWT_Delay_Init                         0x08000a3c   Section        0  dwt_stm32_delay.o(i.DWT_Delay_Init)
    i.DWT_Delay_us                           0x08000a80   Section        0  dht22.o(i.DWT_Delay_us)
    DWT_Delay_us                             0x08000a81   Thumb Code    34  dht22.o(i.DWT_Delay_us)
    i.DWT_Delay_us                           0x08000aac   Section        0  ds18b20.o(i.DWT_Delay_us)
    DWT_Delay_us                             0x08000aad   Thumb Code    34  ds18b20.o(i.DWT_Delay_us)
    i.DebugMon_Handler                       0x08000ad8   Section        0  stm32l4xx_it.o(i.DebugMon_Handler)
    i.Error_Handler                          0x08000ada   Section        0  main.o(i.Error_Handler)
    i.HAL_ADC_ConfigChannel                  0x08000adc   Section        0  stm32l4xx_hal_adc.o(i.HAL_ADC_ConfigChannel)
    i.HAL_ADC_ConvCpltCallback               0x08000ece   Section        0  stm32l4xx_hal_adc.o(i.HAL_ADC_ConvCpltCallback)
    i.HAL_ADC_ConvHalfCpltCallback           0x08000ed0   Section        0  stm32l4xx_hal_adc.o(i.HAL_ADC_ConvHalfCpltCallback)
    i.HAL_ADC_ErrorCallback                  0x08000ed2   Section        0  stm32l4xx_hal_adc.o(i.HAL_ADC_ErrorCallback)
    i.HAL_ADC_Init                           0x08000ed4   Section        0  stm32l4xx_hal_adc.o(i.HAL_ADC_Init)
    i.HAL_ADC_MspInit                        0x08001080   Section        0  stm32l4xx_hal_msp.o(i.HAL_ADC_MspInit)
    i.HAL_ADC_Start_DMA                      0x080010dc   Section        0  stm32l4xx_hal_adc.o(i.HAL_ADC_Start_DMA)
    i.HAL_DMA_Start_IT                       0x08001190   Section        0  stm32l4xx_hal_dma.o(i.HAL_DMA_Start_IT)
    i.HAL_Delay                              0x08001200   Section        0  stm32l4xx_hal.o(i.HAL_Delay)
    i.HAL_GPIO_Init                          0x08001224   Section        0  stm32l4xx_hal_gpio.o(i.HAL_GPIO_Init)
    i.HAL_GPIO_ReadPin                       0x080013b6   Section        0  stm32l4xx_hal_gpio.o(i.HAL_GPIO_ReadPin)
    i.HAL_GPIO_WritePin                      0x080013c0   Section        0  stm32l4xx_hal_gpio.o(i.HAL_GPIO_WritePin)
    i.HAL_GetTick                            0x080013cc   Section        0  stm32l4xx_hal.o(i.HAL_GetTick)
    i.HAL_I2CEx_ConfigAnalogFilter           0x080013d8   Section        0  stm32l4xx_hal_i2c_ex.o(i.HAL_I2CEx_ConfigAnalogFilter)
    i.HAL_I2CEx_ConfigDigitalFilter          0x0800142e   Section        0  stm32l4xx_hal_i2c_ex.o(i.HAL_I2CEx_ConfigDigitalFilter)
    i.HAL_I2C_Init                           0x08001480   Section        0  stm32l4xx_hal_i2c.o(i.HAL_I2C_Init)
    i.HAL_I2C_Mem_Read                       0x08001538   Section        0  stm32l4xx_hal_i2c.o(i.HAL_I2C_Mem_Read)
    i.HAL_I2C_MspInit                        0x080016a4   Section        0  stm32l4xx_hal_msp.o(i.HAL_I2C_MspInit)
    i.HAL_IncTick                            0x08001708   Section        0  stm32l4xx_hal.o(i.HAL_IncTick)
    i.HAL_Init                               0x08001718   Section        0  stm32l4xx_hal.o(i.HAL_Init)
    i.HAL_InitTick                           0x08001738   Section        0  stm32l4xx_hal.o(i.HAL_InitTick)
    i.HAL_MspInit                            0x0800177c   Section        0  stm32l4xx_hal_msp.o(i.HAL_MspInit)
    i.HAL_NVIC_SetPriority                   0x080017a8   Section        0  stm32l4xx_hal_cortex.o(i.HAL_NVIC_SetPriority)
    i.HAL_NVIC_SetPriorityGrouping           0x080017e8   Section        0  stm32l4xx_hal_cortex.o(i.HAL_NVIC_SetPriorityGrouping)
    i.HAL_PWREx_ControlVoltageScaling        0x0800180c   Section        0  stm32l4xx_hal_pwr_ex.o(i.HAL_PWREx_ControlVoltageScaling)
    i.HAL_PWREx_GetVoltageRange              0x08001874   Section        0  stm32l4xx_hal_pwr_ex.o(i.HAL_PWREx_GetVoltageRange)
    i.HAL_PWR_EnableBkUpAccess               0x08001884   Section        0  stm32l4xx_hal_pwr.o(i.HAL_PWR_EnableBkUpAccess)
    i.HAL_RCCEx_EnableMSIPLLMode             0x08001894   Section        0  stm32l4xx_hal_rcc_ex.o(i.HAL_RCCEx_EnableMSIPLLMode)
    i.HAL_RCCEx_PeriphCLKConfig              0x080018a4   Section        0  stm32l4xx_hal_rcc_ex.o(i.HAL_RCCEx_PeriphCLKConfig)
    i.HAL_RCC_ClockConfig                    0x08001b30   Section        0  stm32l4xx_hal_rcc.o(i.HAL_RCC_ClockConfig)
    i.HAL_RCC_GetHCLKFreq                    0x08001c50   Section        0  stm32l4xx_hal_rcc.o(i.HAL_RCC_GetHCLKFreq)
    i.HAL_RCC_GetPCLK1Freq                   0x08001c5c   Section        0  stm32l4xx_hal_rcc.o(i.HAL_RCC_GetPCLK1Freq)
    i.HAL_RCC_GetPCLK2Freq                   0x08001c80   Section        0  stm32l4xx_hal_rcc.o(i.HAL_RCC_GetPCLK2Freq)
    i.HAL_RCC_GetSysClockFreq                0x08001ca4   Section        0  stm32l4xx_hal_rcc.o(i.HAL_RCC_GetSysClockFreq)
    i.HAL_RCC_OscConfig                      0x08001d48   Section        0  stm32l4xx_hal_rcc.o(i.HAL_RCC_OscConfig)
    i.HAL_SYSTICK_Config                     0x0800226c   Section        0  stm32l4xx_hal_cortex.o(i.HAL_SYSTICK_Config)
    i.HAL_UART_Init                          0x08002294   Section        0  stm32l4xx_hal_uart.o(i.HAL_UART_Init)
    i.HAL_UART_MspInit                       0x080022fc   Section        0  stm32l4xx_hal_msp.o(i.HAL_UART_MspInit)
    i.HAL_UART_Transmit_IT                   0x08002360   Section        0  stm32l4xx_hal_uart.o(i.HAL_UART_Transmit_IT)
    i.HardFault_Handler                      0x080023c4   Section        0  stm32l4xx_it.o(i.HardFault_Handler)
    i.I2C_Flush_TXDR                         0x080023c6   Section        0  stm32l4xx_hal_i2c.o(i.I2C_Flush_TXDR)
    I2C_Flush_TXDR                           0x080023c7   Thumb Code    34  stm32l4xx_hal_i2c.o(i.I2C_Flush_TXDR)
    i.I2C_IsAcknowledgeFailed                0x080023e8   Section        0  stm32l4xx_hal_i2c.o(i.I2C_IsAcknowledgeFailed)
    I2C_IsAcknowledgeFailed                  0x080023e9   Thumb Code   128  stm32l4xx_hal_i2c.o(i.I2C_IsAcknowledgeFailed)
    i.I2C_RequestMemoryRead                  0x0800246c   Section        0  stm32l4xx_hal_i2c.o(i.I2C_RequestMemoryRead)
    I2C_RequestMemoryRead                    0x0800246d   Thumb Code    94  stm32l4xx_hal_i2c.o(i.I2C_RequestMemoryRead)
    i.I2C_TransferConfig                     0x080024d0   Section        0  stm32l4xx_hal_i2c.o(i.I2C_TransferConfig)
    I2C_TransferConfig                       0x080024d1   Thumb Code    40  stm32l4xx_hal_i2c.o(i.I2C_TransferConfig)
    i.I2C_WaitOnFlagUntilTimeout             0x080024fc   Section        0  stm32l4xx_hal_i2c.o(i.I2C_WaitOnFlagUntilTimeout)
    I2C_WaitOnFlagUntilTimeout               0x080024fd   Thumb Code    88  stm32l4xx_hal_i2c.o(i.I2C_WaitOnFlagUntilTimeout)
    i.I2C_WaitOnSTOPFlagUntilTimeout         0x08002554   Section        0  stm32l4xx_hal_i2c.o(i.I2C_WaitOnSTOPFlagUntilTimeout)
    I2C_WaitOnSTOPFlagUntilTimeout           0x08002555   Thumb Code    76  stm32l4xx_hal_i2c.o(i.I2C_WaitOnSTOPFlagUntilTimeout)
    i.I2C_WaitOnTXISFlagUntilTimeout         0x080025a0   Section        0  stm32l4xx_hal_i2c.o(i.I2C_WaitOnTXISFlagUntilTimeout)
    I2C_WaitOnTXISFlagUntilTimeout           0x080025a1   Thumb Code    80  stm32l4xx_hal_i2c.o(i.I2C_WaitOnTXISFlagUntilTimeout)
    i.LL_ADC_GetOffsetChannel                0x080025f0   Section        0  stm32l4xx_hal_adc.o(i.LL_ADC_GetOffsetChannel)
    LL_ADC_GetOffsetChannel                  0x080025f1   Thumb Code    12  stm32l4xx_hal_adc.o(i.LL_ADC_GetOffsetChannel)
    i.LL_ADC_INJ_IsConversionOngoing         0x080025fc   Section        0  stm32l4xx_hal_adc.o(i.LL_ADC_INJ_IsConversionOngoing)
    LL_ADC_INJ_IsConversionOngoing           0x080025fd   Thumb Code     8  stm32l4xx_hal_adc.o(i.LL_ADC_INJ_IsConversionOngoing)
    i.LL_ADC_REG_IsConversionOngoing         0x08002604   Section        0  stm32l4xx_hal_adc.o(i.LL_ADC_REG_IsConversionOngoing)
    LL_ADC_REG_IsConversionOngoing           0x08002605   Thumb Code     8  stm32l4xx_hal_adc.o(i.LL_ADC_REG_IsConversionOngoing)
    i.LL_ADC_REG_IsTriggerSourceSWStart      0x0800260c   Section        0  stm32l4xx_hal_adc.o(i.LL_ADC_REG_IsTriggerSourceSWStart)
    LL_ADC_REG_IsTriggerSourceSWStart        0x0800260d   Thumb Code    16  stm32l4xx_hal_adc.o(i.LL_ADC_REG_IsTriggerSourceSWStart)
    i.LL_ADC_SetChannelSamplingTime          0x0800261c   Section        0  stm32l4xx_hal_adc.o(i.LL_ADC_SetChannelSamplingTime)
    LL_ADC_SetChannelSamplingTime            0x0800261d   Thumb Code    30  stm32l4xx_hal_adc.o(i.LL_ADC_SetChannelSamplingTime)
    i.LL_ADC_SetOffsetState                  0x0800263a   Section        0  stm32l4xx_hal_adc.o(i.LL_ADC_SetOffsetState)
    LL_ADC_SetOffsetState                    0x0800263b   Thumb Code    16  stm32l4xx_hal_adc.o(i.LL_ADC_SetOffsetState)
    i.MX_ADC1_Init                           0x0800264c   Section        0  main.o(i.MX_ADC1_Init)
    MX_ADC1_Init                             0x0800264d   Thumb Code   110  main.o(i.MX_ADC1_Init)
    i.MX_GPIO_Init                           0x080026d0   Section        0  main.o(i.MX_GPIO_Init)
    MX_GPIO_Init                             0x080026d1   Thumb Code   134  main.o(i.MX_GPIO_Init)
    i.MX_I2C1_Init                           0x08002760   Section        0  main.o(i.MX_I2C1_Init)
    MX_I2C1_Init                             0x08002761   Thumb Code    54  main.o(i.MX_I2C1_Init)
    i.MX_USART1_UART_Init                    0x080027a4   Section        0  main.o(i.MX_USART1_UART_Init)
    MX_USART1_UART_Init                      0x080027a5   Thumb Code    36  main.o(i.MX_USART1_UART_Init)
    i.MemManage_Handler                      0x080027d0   Section        0  stm32l4xx_it.o(i.MemManage_Handler)
    i.NMI_Handler                            0x080027d2   Section        0  stm32l4xx_it.o(i.NMI_Handler)
    i.PendSV_Handler                         0x080027d4   Section        0  stm32l4xx_it.o(i.PendSV_Handler)
    i.RCCEx_PLLSAI1_Config                   0x080027d8   Section        0  stm32l4xx_hal_rcc_ex.o(i.RCCEx_PLLSAI1_Config)
    RCCEx_PLLSAI1_Config                     0x080027d9   Thumb Code   278  stm32l4xx_hal_rcc_ex.o(i.RCCEx_PLLSAI1_Config)
    i.RCC_SetFlashLatencyFromMSIRange        0x08002904   Section        0  stm32l4xx_hal_rcc.o(i.RCC_SetFlashLatencyFromMSIRange)
    RCC_SetFlashLatencyFromMSIRange          0x08002905   Thumb Code   116  stm32l4xx_hal_rcc.o(i.RCC_SetFlashLatencyFromMSIRange)
    i.SVC_Handler                            0x08002980   Section        0  stm32l4xx_it.o(i.SVC_Handler)
    i.SysTick_Handler                        0x08002982   Section        0  stm32l4xx_it.o(i.SysTick_Handler)
    i.SystemClock_Config                     0x08002988   Section        0  main.o(i.SystemClock_Config)
    i.SystemInit                             0x08002a30   Section        0  system_stm32l4xx.o(i.SystemInit)
    i.TCS34725_Get_RGBData                   0x08002a74   Section        0  tcs34725.o(i.TCS34725_Get_RGBData)
    i.TCS34725_ReadWord                      0x08002ae4   Section        0  tcs34725.o(i.TCS34725_ReadWord)
    TCS34725_ReadWord                        0x08002ae5   Thumb Code     8  tcs34725.o(i.TCS34725_ReadWord)
    i.UART_AdvFeatureConfig                  0x08002aec   Section        0  stm32l4xx_hal_uart.o(i.UART_AdvFeatureConfig)
    i.UART_CheckIdleState                    0x08002bb4   Section        0  stm32l4xx_hal_uart.o(i.UART_CheckIdleState)
    i.UART_SetConfig                         0x08002c0c   Section        0  stm32l4xx_hal_uart.o(i.UART_SetConfig)
    i.UART_TxISR_16BIT                       0x08002e40   Section        0  stm32l4xx_hal_uart.o(i.UART_TxISR_16BIT)
    UART_TxISR_16BIT                         0x08002e41   Thumb Code    64  stm32l4xx_hal_uart.o(i.UART_TxISR_16BIT)
    i.UART_TxISR_8BIT                        0x08002e80   Section        0  stm32l4xx_hal_uart.o(i.UART_TxISR_8BIT)
    UART_TxISR_8BIT                          0x08002e81   Thumb Code    60  stm32l4xx_hal_uart.o(i.UART_TxISR_8BIT)
    i.UART_WaitOnFlagUntilTimeout            0x08002ebc   Section        0  stm32l4xx_hal_uart.o(i.UART_WaitOnFlagUntilTimeout)
    i.UsageFault_Handler                     0x08002f1c   Section        0  stm32l4xx_it.o(i.UsageFault_Handler)
    i.__0sprintf$8                           0x08002f20   Section        0  printf8.o(i.__0sprintf$8)
    i.__ARM_fpclassify                       0x08002f48   Section        0  fpclassify.o(i.__ARM_fpclassify)
    i.__NVIC_SetPriority                     0x08002f78   Section        0  stm32l4xx_hal_cortex.o(i.__NVIC_SetPriority)
    __NVIC_SetPriority                       0x08002f79   Thumb Code    32  stm32l4xx_hal_cortex.o(i.__NVIC_SetPriority)
    i.__hardfp_pow                           0x08002f98   Section        0  pow.o(i.__hardfp_pow)
    i.__kernel_poly                          0x08003c18   Section        0  poly.o(i.__kernel_poly)
    i.__mathlib_dbl_divzero                  0x08003d10   Section        0  dunder.o(i.__mathlib_dbl_divzero)
    i.__mathlib_dbl_infnan2                  0x08003d40   Section        0  dunder.o(i.__mathlib_dbl_infnan2)
    i.__mathlib_dbl_invalid                  0x08003d58   Section        0  dunder.o(i.__mathlib_dbl_invalid)
    i.__mathlib_dbl_overflow                 0x08003d78   Section        0  dunder.o(i.__mathlib_dbl_overflow)
    i.__mathlib_dbl_underflow                0x08003d98   Section        0  dunder.o(i.__mathlib_dbl_underflow)
    i.__scatterload_copy                     0x08003db8   Section       14  handlers.o(i.__scatterload_copy)
    i.__scatterload_null                     0x08003dc6   Section        2  handlers.o(i.__scatterload_null)
    i.__scatterload_zeroinit                 0x08003dc8   Section       14  handlers.o(i.__scatterload_zeroinit)
    i.__set_errno                            0x08003dd8   Section        0  errno.o(i.__set_errno)
    i._printf_core                           0x08003de4   Section        0  printf8.o(i._printf_core)
    _printf_core                             0x08003de5   Thumb Code   996  printf8.o(i._printf_core)
    i._printf_post_padding                   0x080041fa   Section        0  printf8.o(i._printf_post_padding)
    _printf_post_padding                     0x080041fb   Thumb Code    36  printf8.o(i._printf_post_padding)
    i._printf_pre_padding                    0x0800421e   Section        0  printf8.o(i._printf_pre_padding)
    _printf_pre_padding                      0x0800421f   Thumb Code    46  printf8.o(i._printf_pre_padding)
    i._sputc                                 0x0800424c   Section        0  printf8.o(i._sputc)
    _sputc                                   0x0800424d   Thumb Code    10  printf8.o(i._sputc)
    i.dht_hum                                0x08004258   Section        0  dht22.o(i.dht_hum)
    i.dht_input                              0x08004270   Section        0  dht22.o(i.dht_input)
    i.dht_output                             0x08004298   Section        0  dht22.o(i.dht_output)
    i.dht_read                               0x080042c0   Section        0  dht22.o(i.dht_read)
    i.dht_read_byte                          0x08004304   Section        0  dht22.o(i.dht_read_byte)
    i.dht_ready                              0x08004360   Section        0  dht22.o(i.dht_ready)
    i.dht_start                              0x0800439c   Section        0  dht22.o(i.dht_start)
    i.dht_tmp                                0x080043c0   Section        0  dht22.o(i.dht_tmp)
    i.ds18b20_convert                        0x080043ec   Section        0  ds18b20.o(i.ds18b20_convert)
    i.ds18b20_input                          0x08004408   Section        0  ds18b20.o(i.ds18b20_input)
    i.ds18b20_output                         0x08004424   Section        0  ds18b20.o(i.ds18b20_output)
    i.ds18b20_read_bit                       0x08004440   Section        0  ds18b20.o(i.ds18b20_read_bit)
    i.ds18b20_read_byte                      0x08004488   Section        0  ds18b20.o(i.ds18b20_read_byte)
    i.ds18b20_reset                          0x080044a8   Section        0  ds18b20.o(i.ds18b20_reset)
    i.ds18b20_temp                           0x080044f0   Section        0  ds18b20.o(i.ds18b20_temp)
    i.ds18b20_write_byte                     0x08004558   Section        0  ds18b20.o(i.ds18b20_write_byte)
    i.fabs                                   0x080045b8   Section        0  fabs.o(i.fabs)
    i.main                                   0x080045d0   Section        0  main.o(i.main)
    i.read_sensors                           0x08004600   Section        0  main.o(i.read_sensors)
    i.sigfox_send                            0x080046f0   Section        0  sigfox.o(i.sigfox_send)
    i.sqrt                                   0x0800477c   Section        0  sqrt.o(i.sqrt)
    i.user_init                              0x080047ec   Section        0  main.o(i.user_init)
    .constdata                               0x08004808   Section       64  system_stm32l4xx.o(.constdata)
    .constdata                               0x08004848   Section        8  system_stm32l4xx.o(.constdata)
    .constdata                               0x08004850   Section      136  pow.o(.constdata)
    bp                                       0x08004850   Data          16  pow.o(.constdata)
    dp_h                                     0x08004860   Data          16  pow.o(.constdata)
    dp_l                                     0x08004870   Data          16  pow.o(.constdata)
    L                                        0x08004880   Data          48  pow.o(.constdata)
    P                                        0x080048b0   Data          40  pow.o(.constdata)
    .constdata                               0x080048d8   Section        8  qnan.o(.constdata)
    .data                                    0x20000000   Section        1  tcs34725.o(.data)
    .data                                    0x20000002   Section        2  dev_config.o(.data)
    .data                                    0x20000004   Section        1  main.o(.data)
    .data                                    0x20000005   Section        1  main.o(.data)
    .data                                    0x20000006   Section        1  main.o(.data)
    .data                                    0x20000007   Section        1  main.o(.data)
    .data                                    0x20000008   Section       28  main.o(.data)
    .data                                    0x20000024   Section       12  stm32l4xx_hal.o(.data)
    .data                                    0x20000030   Section        4  system_stm32l4xx.o(.data)
    .data                                    0x20000034   Section        4  errno.o(.data)
    _errno                                   0x20000034   Data           4  errno.o(.data)
    .bss                                     0x20000038   Section      304  main.o(.bss)
    STACK                                    0x20000168   Section     1024  startup_stm32l432xx.o(STACK)

    Global Symbols

    Symbol Name                              Value     Ov Type        Size  Object(Section)

    BuildAttributes$$THM_ISAv4$E$P$D$K$B$S$7EM$VFPi3$EXTD16$VFPS$VFMA$PE$A:L22UL41UL21$X:L11$S22US41US21$IEEE1$IW$USESV6$~STKCKD$USESV7$~SHL$OTIME$ROPI$IEEEX$EBA8$MICROLIB$REQ8$PRES8$EABIv2 0x00000000   Number         0  anon$$obj.o ABSOLUTE
    __ARM_use_no_argv                        0x00000000   Number         0  main.o ABSOLUTE
    _printf_a                                0x00000000   Number         0  stubs.o ABSOLUTE
    _printf_c                                0x00000000   Number         0  stubs.o ABSOLUTE
    _printf_charcount                        0x00000000   Number         0  stubs.o ABSOLUTE
    _printf_d                                0x00000000   Number         0  stubs.o ABSOLUTE
    _printf_e                                0x00000000   Number         0  stubs.o ABSOLUTE
    _printf_f                                0x00000000   Number         0  stubs.o ABSOLUTE
    _printf_flags                            0x00000000   Number         0  stubs.o ABSOLUTE
    _printf_fp_dec                           0x00000000   Number         0  stubs.o ABSOLUTE
    _printf_fp_hex                           0x00000000   Number         0  stubs.o ABSOLUTE
    _printf_g                                0x00000000   Number         0  stubs.o ABSOLUTE
    _printf_i                                0x00000000   Number         0  stubs.o ABSOLUTE
    _printf_int_dec                          0x00000000   Number         0  stubs.o ABSOLUTE
    _printf_l                                0x00000000   Number         0  stubs.o ABSOLUTE
    _printf_lc                               0x00000000   Number         0  stubs.o ABSOLUTE
    _printf_ll                               0x00000000   Number         0  stubs.o ABSOLUTE
    _printf_lld                              0x00000000   Number         0  stubs.o ABSOLUTE
    _printf_lli                              0x00000000   Number         0  stubs.o ABSOLUTE
    _printf_llo                              0x00000000   Number         0  stubs.o ABSOLUTE
    _printf_llu                              0x00000000   Number         0  stubs.o ABSOLUTE
    _printf_llx                              0x00000000   Number         0  stubs.o ABSOLUTE
    _printf_longlong_dec                     0x00000000   Number         0  stubs.o ABSOLUTE
    _printf_longlong_hex                     0x00000000   Number         0  stubs.o ABSOLUTE
    _printf_longlong_oct                     0x00000000   Number         0  stubs.o ABSOLUTE
    _printf_ls                               0x00000000   Number         0  stubs.o ABSOLUTE
    _printf_mbtowc                           0x00000000   Number         0  stubs.o ABSOLUTE
    _printf_n                                0x00000000   Number         0  stubs.o ABSOLUTE
    _printf_o                                0x00000000   Number         0  stubs.o ABSOLUTE
    _printf_p                                0x00000000   Number         0  stubs.o ABSOLUTE
    _printf_percent                          0x00000000   Number         0  stubs.o ABSOLUTE
    _printf_pre_padding                      0x00000000   Number         0  stubs.o ABSOLUTE
    _printf_return_value                     0x00000000   Number         0  stubs.o ABSOLUTE
    _printf_s                                0x00000000   Number         0  stubs.o ABSOLUTE
    _printf_sizespec                         0x00000000   Number         0  stubs.o ABSOLUTE
    _printf_str                              0x00000000   Number         0  stubs.o ABSOLUTE
    _printf_truncate_signed                  0x00000000   Number         0  stubs.o ABSOLUTE
    _printf_truncate_unsigned                0x00000000   Number         0  stubs.o ABSOLUTE
    _printf_u                                0x00000000   Number         0  stubs.o ABSOLUTE
    _printf_wc                               0x00000000   Number         0  stubs.o ABSOLUTE
    _printf_wctomb                           0x00000000   Number         0  stubs.o ABSOLUTE
    _printf_widthprec                        0x00000000   Number         0  stubs.o ABSOLUTE
    _printf_x                                0x00000000   Number         0  stubs.o ABSOLUTE
    __cpp_initialize__aeabi_                  - Undefined Weak Reference
    __cxa_finalize                            - Undefined Weak Reference
    __decompress                              - Undefined Weak Reference
    _clock_init                               - Undefined Weak Reference
    _microlib_exit                            - Undefined Weak Reference
    __Vectors_Size                           0x0000018c   Number         0  startup_stm32l432xx.o ABSOLUTE
    __Vectors                                0x08000000   Data           4  startup_stm32l432xx.o(RESET)
    __Vectors_End                            0x0800018c   Data           0  startup_stm32l432xx.o(RESET)
    __main                                   0x0800018d   Thumb Code     0  entry.o(.ARM.Collect$$$$00000000)
    _main_stk                                0x0800018d   Thumb Code     0  entry2.o(.ARM.Collect$$$$00000001)
    _main_scatterload                        0x08000191   Thumb Code     0  entry5.o(.ARM.Collect$$$$00000004)
    __main_after_scatterload                 0x08000195   Thumb Code     0  entry5.o(.ARM.Collect$$$$00000004)
    _main_clock                              0x08000195   Thumb Code     0  entry7b.o(.ARM.Collect$$$$00000008)
    _main_cpp_init                           0x08000195   Thumb Code     0  entry8b.o(.ARM.Collect$$$$0000000A)
    _main_init                               0x08000195   Thumb Code     0  entry9a.o(.ARM.Collect$$$$0000000B)
    __rt_final_cpp                           0x0800019d   Thumb Code     0  entry10a.o(.ARM.Collect$$$$0000000D)
    __rt_final_exit                          0x0800019d   Thumb Code     0  entry11a.o(.ARM.Collect$$$$0000000F)
    Reset_Handler                            0x080001a1   Thumb Code     8  startup_stm32l432xx.o(.text)
    ADC1_IRQHandler                          0x080001bb   Thumb Code     0  startup_stm32l432xx.o(.text)
    CAN1_RX0_IRQHandler                      0x080001bb   Thumb Code     0  startup_stm32l432xx.o(.text)
    CAN1_RX1_IRQHandler                      0x080001bb   Thumb Code     0  startup_stm32l432xx.o(.text)
    CAN1_SCE_IRQHandler                      0x080001bb   Thumb Code     0  startup_stm32l432xx.o(.text)
    CAN1_TX_IRQHandler                       0x080001bb   Thumb Code     0  startup_stm32l432xx.o(.text)
    COMP_IRQHandler                          0x080001bb   Thumb Code     0  startup_stm32l432xx.o(.text)
    CRS_IRQHandler                           0x080001bb   Thumb Code     0  startup_stm32l432xx.o(.text)
    DMA1_Channel1_IRQHandler                 0x080001bb   Thumb Code     0  startup_stm32l432xx.o(.text)
    DMA1_Channel2_IRQHandler                 0x080001bb   Thumb Code     0  startup_stm32l432xx.o(.text)
    DMA1_Channel3_IRQHandler                 0x080001bb   Thumb Code     0  startup_stm32l432xx.o(.text)
    DMA1_Channel4_IRQHandler                 0x080001bb   Thumb Code     0  startup_stm32l432xx.o(.text)
    DMA1_Channel5_IRQHandler                 0x080001bb   Thumb Code     0  startup_stm32l432xx.o(.text)
    DMA1_Channel6_IRQHandler                 0x080001bb   Thumb Code     0  startup_stm32l432xx.o(.text)
    DMA1_Channel7_IRQHandler                 0x080001bb   Thumb Code     0  startup_stm32l432xx.o(.text)
    DMA2_Channel1_IRQHandler                 0x080001bb   Thumb Code     0  startup_stm32l432xx.o(.text)
    DMA2_Channel2_IRQHandler                 0x080001bb   Thumb Code     0  startup_stm32l432xx.o(.text)
    DMA2_Channel3_IRQHandler                 0x080001bb   Thumb Code     0  startup_stm32l432xx.o(.text)
    DMA2_Channel4_IRQHandler                 0x080001bb   Thumb Code     0  startup_stm32l432xx.o(.text)
    DMA2_Channel5_IRQHandler                 0x080001bb   Thumb Code     0  startup_stm32l432xx.o(.text)
    DMA2_Channel6_IRQHandler                 0x080001bb   Thumb Code     0  startup_stm32l432xx.o(.text)
    DMA2_Channel7_IRQHandler                 0x080001bb   Thumb Code     0  startup_stm32l432xx.o(.text)
    EXTI0_IRQHandler                         0x080001bb   Thumb Code     0  startup_stm32l432xx.o(.text)
    EXTI15_10_IRQHandler                     0x080001bb   Thumb Code     0  startup_stm32l432xx.o(.text)
    EXTI1_IRQHandler                         0x080001bb   Thumb Code     0  startup_stm32l432xx.o(.text)
    EXTI2_IRQHandler                         0x080001bb   Thumb Code     0  startup_stm32l432xx.o(.text)
    EXTI3_IRQHandler                         0x080001bb   Thumb Code     0  startup_stm32l432xx.o(.text)
    EXTI4_IRQHandler                         0x080001bb   Thumb Code     0  startup_stm32l432xx.o(.text)
    EXTI9_5_IRQHandler                       0x080001bb   Thumb Code     0  startup_stm32l432xx.o(.text)
    FLASH_IRQHandler                         0x080001bb   Thumb Code     0  startup_stm32l432xx.o(.text)
    FPU_IRQHandler                           0x080001bb   Thumb Code     0  startup_stm32l432xx.o(.text)
    I2C1_ER_IRQHandler                       0x080001bb   Thumb Code     0  startup_stm32l432xx.o(.text)
    I2C1_EV_IRQHandler                       0x080001bb   Thumb Code     0  startup_stm32l432xx.o(.text)
    I2C3_ER_IRQHandler                       0x080001bb   Thumb Code     0  startup_stm32l432xx.o(.text)
    I2C3_EV_IRQHandler                       0x080001bb   Thumb Code     0  startup_stm32l432xx.o(.text)
    LPTIM1_IRQHandler                        0x080001bb   Thumb Code     0  startup_stm32l432xx.o(.text)
    LPTIM2_IRQHandler                        0x080001bb   Thumb Code     0  startup_stm32l432xx.o(.text)
    LPUART1_IRQHandler                       0x080001bb   Thumb Code     0  startup_stm32l432xx.o(.text)
    PVD_PVM_IRQHandler                       0x080001bb   Thumb Code     0  startup_stm32l432xx.o(.text)
    QUADSPI_IRQHandler                       0x080001bb   Thumb Code     0  startup_stm32l432xx.o(.text)
    RCC_IRQHandler                           0x080001bb   Thumb Code     0  startup_stm32l432xx.o(.text)
    RNG_IRQHandler                           0x080001bb   Thumb Code     0  startup_stm32l432xx.o(.text)
    RTC_Alarm_IRQHandler                     0x080001bb   Thumb Code     0  startup_stm32l432xx.o(.text)
    RTC_WKUP_IRQHandler                      0x080001bb   Thumb Code     0  startup_stm32l432xx.o(.text)
    SAI1_IRQHandler                          0x080001bb   Thumb Code     0  startup_stm32l432xx.o(.text)
    SPI1_IRQHandler                          0x080001bb   Thumb Code     0  startup_stm32l432xx.o(.text)
    SPI3_IRQHandler                          0x080001bb   Thumb Code     0  startup_stm32l432xx.o(.text)
    SWPMI1_IRQHandler                        0x080001bb   Thumb Code     0  startup_stm32l432xx.o(.text)
    TAMP_STAMP_IRQHandler                    0x080001bb   Thumb Code     0  startup_stm32l432xx.o(.text)
    TIM1_BRK_TIM15_IRQHandler                0x080001bb   Thumb Code     0  startup_stm32l432xx.o(.text)
    TIM1_CC_IRQHandler                       0x080001bb   Thumb Code     0  startup_stm32l432xx.o(.text)
    TIM1_TRG_COM_IRQHandler                  0x080001bb   Thumb Code     0  startup_stm32l432xx.o(.text)
    TIM1_UP_TIM16_IRQHandler                 0x080001bb   Thumb Code     0  startup_stm32l432xx.o(.text)
    TIM2_IRQHandler                          0x080001bb   Thumb Code     0  startup_stm32l432xx.o(.text)
    TIM6_DAC_IRQHandler                      0x080001bb   Thumb Code     0  startup_stm32l432xx.o(.text)
    TIM7_IRQHandler                          0x080001bb   Thumb Code     0  startup_stm32l432xx.o(.text)
    TSC_IRQHandler                           0x080001bb   Thumb Code     0  startup_stm32l432xx.o(.text)
    USART1_IRQHandler                        0x080001bb   Thumb Code     0  startup_stm32l432xx.o(.text)
    USART2_IRQHandler                        0x080001bb   Thumb Code     0  startup_stm32l432xx.o(.text)
    USB_IRQHandler                           0x080001bb   Thumb Code     0  startup_stm32l432xx.o(.text)
    WWDG_IRQHandler                          0x080001bb   Thumb Code     0  startup_stm32l432xx.o(.text)
    __aeabi_uldivmod                         0x080001c5   Thumb Code    98  uldiv.o(.text)
    __aeabi_memset                           0x0800022d   Thumb Code    14  memseta.o(.text)
    __aeabi_memset4                          0x0800022d   Thumb Code     0  memseta.o(.text)
    __aeabi_memset8                          0x0800022d   Thumb Code     0  memseta.o(.text)
    __aeabi_memclr                           0x0800023b   Thumb Code     4  memseta.o(.text)
    __aeabi_memclr4                          0x0800023b   Thumb Code     0  memseta.o(.text)
    __aeabi_memclr8                          0x0800023b   Thumb Code     0  memseta.o(.text)
    _memset$wrapper                          0x0800023f   Thumb Code    18  memseta.o(.text)
    __aeabi_dmul                             0x08000251   Thumb Code   228  dmul.o(.text)
    __aeabi_ddiv                             0x0800033b   Thumb Code   222  ddiv.o(.text)
    __aeabi_i2d                              0x08000419   Thumb Code    34  dflti.o(.text)
    __aeabi_d2iz                             0x0800043b   Thumb Code    62  dfixi.o(.text)
    __aeabi_f2d                              0x08000479   Thumb Code    38  f2d.o(.text)
    __aeabi_d2f                              0x0800049f   Thumb Code    56  d2f.o(.text)
    __aeabi_llsl                             0x080004d7   Thumb Code    30  llshl.o(.text)
    _ll_shift_l                              0x080004d7   Thumb Code     0  llshl.o(.text)
    __aeabi_llsr                             0x080004f5   Thumb Code    32  llushr.o(.text)
    _ll_ushift_r                             0x080004f5   Thumb Code     0  llushr.o(.text)
    __I$use$fp                               0x08000515   Thumb Code     0  iusefp.o(.text)
    _float_round                             0x08000515   Thumb Code    18  fepilogue.o(.text)
    _float_epilogue                          0x08000527   Thumb Code    92  fepilogue.o(.text)
    _double_round                            0x08000583   Thumb Code    30  depilogue.o(.text)
    _double_epilogue                         0x080005a1   Thumb Code   156  depilogue.o(.text)
    __aeabi_dadd                             0x0800063d   Thumb Code   322  dadd.o(.text)
    __aeabi_dsub                             0x0800077f   Thumb Code     6  dadd.o(.text)
    __aeabi_drsub                            0x08000785   Thumb Code     6  dadd.o(.text)
    __ARM_scalbn                             0x0800079b   Thumb Code    46  dscalb.o(.text)
    scalbn                                   0x0800079b   Thumb Code     0  dscalb.o(.text)
    __aeabi_cdrcmple                         0x080007c9   Thumb Code    48  cdrcmple.o(.text)
    __scatterload                            0x080007f9   Thumb Code    28  init.o(.text)
    __scatterload_rt2                        0x080007f9   Thumb Code     0  init.o(.text)
    __aeabi_lasr                             0x0800081d   Thumb Code    36  llsshr.o(.text)
    _ll_sshift_r                             0x0800081d   Thumb Code     0  llsshr.o(.text)
    _dsqrt                                   0x08000841   Thumb Code   162  dsqrt.o(.text)
    ADC_DMAConvCplt                          0x080008e3   Thumb Code   104  stm32l4xx_hal_adc.o(i.ADC_DMAConvCplt)
    ADC_DMAError                             0x0800094b   Thumb Code    26  stm32l4xx_hal_adc.o(i.ADC_DMAError)
    ADC_DMAHalfConvCplt                      0x08000965   Thumb Code    10  stm32l4xx_hal_adc.o(i.ADC_DMAHalfConvCplt)
    ADC_Enable                               0x08000971   Thumb Code   100  stm32l4xx_hal_adc.o(i.ADC_Enable)
    BusFault_Handler                         0x080009d9   Thumb Code     2  stm32l4xx_it.o(i.BusFault_Handler)
    DEV_I2C_ReadWord                         0x080009dd   Thumb Code    38  dev_config.o(i.DEV_I2C_ReadWord)
    DWT_Delay_Init                           0x08000a3d   Thumb Code    58  dwt_stm32_delay.o(i.DWT_Delay_Init)
    DebugMon_Handler                         0x08000ad9   Thumb Code     2  stm32l4xx_it.o(i.DebugMon_Handler)
    Error_Handler                            0x08000adb   Thumb Code     2  main.o(i.Error_Handler)
    HAL_ADC_ConfigChannel                    0x08000add   Thumb Code   958  stm32l4xx_hal_adc.o(i.HAL_ADC_ConfigChannel)
    HAL_ADC_ConvCpltCallback                 0x08000ecf   Thumb Code     2  stm32l4xx_hal_adc.o(i.HAL_ADC_ConvCpltCallback)
    HAL_ADC_ConvHalfCpltCallback             0x08000ed1   Thumb Code     2  stm32l4xx_hal_adc.o(i.HAL_ADC_ConvHalfCpltCallback)
    HAL_ADC_ErrorCallback                    0x08000ed3   Thumb Code     2  stm32l4xx_hal_adc.o(i.HAL_ADC_ErrorCallback)
    HAL_ADC_Init                             0x08000ed5   Thumb Code   396  stm32l4xx_hal_adc.o(i.HAL_ADC_Init)
    HAL_ADC_MspInit                          0x08001081   Thumb Code    82  stm32l4xx_hal_msp.o(i.HAL_ADC_MspInit)
    HAL_ADC_Start_DMA                        0x080010dd   Thumb Code   162  stm32l4xx_hal_adc.o(i.HAL_ADC_Start_DMA)
    HAL_DMA_Start_IT                         0x08001191   Thumb Code   112  stm32l4xx_hal_dma.o(i.HAL_DMA_Start_IT)
    HAL_Delay                                0x08001201   Thumb Code    32  stm32l4xx_hal.o(i.HAL_Delay)
    HAL_GPIO_Init                            0x08001225   Thumb Code   376  stm32l4xx_hal_gpio.o(i.HAL_GPIO_Init)
    HAL_GPIO_ReadPin                         0x080013b7   Thumb Code    10  stm32l4xx_hal_gpio.o(i.HAL_GPIO_ReadPin)
    HAL_GPIO_WritePin                        0x080013c1   Thumb Code    10  stm32l4xx_hal_gpio.o(i.HAL_GPIO_WritePin)
    HAL_GetTick                              0x080013cd   Thumb Code     6  stm32l4xx_hal.o(i.HAL_GetTick)
    HAL_I2CEx_ConfigAnalogFilter             0x080013d9   Thumb Code    86  stm32l4xx_hal_i2c_ex.o(i.HAL_I2CEx_ConfigAnalogFilter)
    HAL_I2CEx_ConfigDigitalFilter            0x0800142f   Thumb Code    82  stm32l4xx_hal_i2c_ex.o(i.HAL_I2CEx_ConfigDigitalFilter)
    HAL_I2C_Init                             0x08001481   Thumb Code   178  stm32l4xx_hal_i2c.o(i.HAL_I2C_Init)
    HAL_I2C_Mem_Read                         0x08001539   Thumb Code   346  stm32l4xx_hal_i2c.o(i.HAL_I2C_Mem_Read)
    HAL_I2C_MspInit                          0x080016a5   Thumb Code    88  stm32l4xx_hal_msp.o(i.HAL_I2C_MspInit)
    HAL_IncTick                              0x08001709   Thumb Code    12  stm32l4xx_hal.o(i.HAL_IncTick)
    HAL_Init                                 0x08001719   Thumb Code    30  stm32l4xx_hal.o(i.HAL_Init)
    HAL_InitTick                             0x08001739   Thumb Code    58  stm32l4xx_hal.o(i.HAL_InitTick)
    HAL_MspInit                              0x0800177d   Thumb Code    38  stm32l4xx_hal_msp.o(i.HAL_MspInit)
    HAL_NVIC_SetPriority                     0x080017a9   Thumb Code    60  stm32l4xx_hal_cortex.o(i.HAL_NVIC_SetPriority)
    HAL_NVIC_SetPriorityGrouping             0x080017e9   Thumb Code    26  stm32l4xx_hal_cortex.o(i.HAL_NVIC_SetPriorityGrouping)
    HAL_PWREx_ControlVoltageScaling          0x0800180d   Thumb Code    90  stm32l4xx_hal_pwr_ex.o(i.HAL_PWREx_ControlVoltageScaling)
    HAL_PWREx_GetVoltageRange                0x08001875   Thumb Code    10  stm32l4xx_hal_pwr_ex.o(i.HAL_PWREx_GetVoltageRange)
    HAL_PWR_EnableBkUpAccess                 0x08001885   Thumb Code    12  stm32l4xx_hal_pwr.o(i.HAL_PWR_EnableBkUpAccess)
    HAL_RCCEx_EnableMSIPLLMode               0x08001895   Thumb Code    12  stm32l4xx_hal_rcc_ex.o(i.HAL_RCCEx_EnableMSIPLLMode)
    HAL_RCCEx_PeriphCLKConfig                0x080018a5   Thumb Code   634  stm32l4xx_hal_rcc_ex.o(i.HAL_RCCEx_PeriphCLKConfig)
    HAL_RCC_ClockConfig                      0x08001b31   Thumb Code   266  stm32l4xx_hal_rcc.o(i.HAL_RCC_ClockConfig)
    HAL_RCC_GetHCLKFreq                      0x08001c51   Thumb Code     6  stm32l4xx_hal_rcc.o(i.HAL_RCC_GetHCLKFreq)
    HAL_RCC_GetPCLK1Freq                     0x08001c5d   Thumb Code    24  stm32l4xx_hal_rcc.o(i.HAL_RCC_GetPCLK1Freq)
    HAL_RCC_GetPCLK2Freq                     0x08001c81   Thumb Code    24  stm32l4xx_hal_rcc.o(i.HAL_RCC_GetPCLK2Freq)
    HAL_RCC_GetSysClockFreq                  0x08001ca5   Thumb Code   150  stm32l4xx_hal_rcc.o(i.HAL_RCC_GetSysClockFreq)
    HAL_RCC_OscConfig                        0x08001d49   Thumb Code  1312  stm32l4xx_hal_rcc.o(i.HAL_RCC_OscConfig)
    HAL_SYSTICK_Config                       0x0800226d   Thumb Code    40  stm32l4xx_hal_cortex.o(i.HAL_SYSTICK_Config)
    HAL_UART_Init                            0x08002295   Thumb Code   102  stm32l4xx_hal_uart.o(i.HAL_UART_Init)
    HAL_UART_MspInit                         0x080022fd   Thumb Code    92  stm32l4xx_hal_msp.o(i.HAL_UART_MspInit)
    HAL_UART_Transmit_IT                     0x08002361   Thumb Code    92  stm32l4xx_hal_uart.o(i.HAL_UART_Transmit_IT)
    HardFault_Handler                        0x080023c5   Thumb Code     2  stm32l4xx_it.o(i.HardFault_Handler)
    MemManage_Handler                        0x080027d1   Thumb Code     2  stm32l4xx_it.o(i.MemManage_Handler)
    NMI_Handler                              0x080027d3   Thumb Code     2  stm32l4xx_it.o(i.NMI_Handler)
    PendSV_Handler                           0x080027d5   Thumb Code     2  stm32l4xx_it.o(i.PendSV_Handler)
    SVC_Handler                              0x08002981   Thumb Code     2  stm32l4xx_it.o(i.SVC_Handler)
    SysTick_Handler                          0x08002983   Thumb Code     4  stm32l4xx_it.o(i.SysTick_Handler)
    SystemClock_Config                       0x08002989   Thumb Code   162  main.o(i.SystemClock_Config)
    SystemInit                               0x08002a31   Thumb Code    56  system_stm32l4xx.o(i.SystemInit)
    TCS34725_Get_RGBData                     0x08002a75   Thumb Code   108  tcs34725.o(i.TCS34725_Get_RGBData)
    UART_AdvFeatureConfig                    0x08002aed   Thumb Code   200  stm32l4xx_hal_uart.o(i.UART_AdvFeatureConfig)
    UART_CheckIdleState                      0x08002bb5   Thumb Code    88  stm32l4xx_hal_uart.o(i.UART_CheckIdleState)
    UART_SetConfig                           0x08002c0d   Thumb Code   526  stm32l4xx_hal_uart.o(i.UART_SetConfig)
    UART_WaitOnFlagUntilTimeout              0x08002ebd   Thumb Code    96  stm32l4xx_hal_uart.o(i.UART_WaitOnFlagUntilTimeout)
    UsageFault_Handler                       0x08002f1d   Thumb Code     2  stm32l4xx_it.o(i.UsageFault_Handler)
    __0sprintf$8                             0x08002f21   Thumb Code    34  printf8.o(i.__0sprintf$8)
    __1sprintf$8                             0x08002f21   Thumb Code     0  printf8.o(i.__0sprintf$8)
    __2sprintf                               0x08002f21   Thumb Code     0  printf8.o(i.__0sprintf$8)
    __ARM_fpclassify                         0x08002f49   Thumb Code    48  fpclassify.o(i.__ARM_fpclassify)
    __hardfp_pow                             0x08002f99   Thumb Code  3072  pow.o(i.__hardfp_pow)
    __kernel_poly                            0x08003c19   Thumb Code   248  poly.o(i.__kernel_poly)
    __mathlib_dbl_divzero                    0x08003d11   Thumb Code    28  dunder.o(i.__mathlib_dbl_divzero)
    __mathlib_dbl_infnan2                    0x08003d41   Thumb Code    20  dunder.o(i.__mathlib_dbl_infnan2)
    __mathlib_dbl_invalid                    0x08003d59   Thumb Code    24  dunder.o(i.__mathlib_dbl_invalid)
    __mathlib_dbl_overflow                   0x08003d79   Thumb Code    24  dunder.o(i.__mathlib_dbl_overflow)
    __mathlib_dbl_underflow                  0x08003d99   Thumb Code    24  dunder.o(i.__mathlib_dbl_underflow)
    __scatterload_copy                       0x08003db9   Thumb Code    14  handlers.o(i.__scatterload_copy)
    __scatterload_null                       0x08003dc7   Thumb Code     2  handlers.o(i.__scatterload_null)
    __scatterload_zeroinit                   0x08003dc9   Thumb Code    14  handlers.o(i.__scatterload_zeroinit)
    __set_errno                              0x08003dd9   Thumb Code     6  errno.o(i.__set_errno)
    dht_hum                                  0x08004259   Thumb Code    16  dht22.o(i.dht_hum)
    dht_input                                0x08004271   Thumb Code    34  dht22.o(i.dht_input)
    dht_output                               0x08004299   Thumb Code    36  dht22.o(i.dht_output)
    dht_read                                 0x080042c1   Thumb Code    50  dht22.o(i.dht_read)
    dht_read_byte                            0x08004305   Thumb Code    88  dht22.o(i.dht_read_byte)
    dht_ready                                0x08004361   Thumb Code    56  dht22.o(i.dht_ready)
    dht_start                                0x0800439d   Thumb Code    32  dht22.o(i.dht_start)
    dht_tmp                                  0x080043c1   Thumb Code    34  dht22.o(i.dht_tmp)
    ds18b20_convert                          0x080043ed   Thumb Code    28  ds18b20.o(i.ds18b20_convert)
    ds18b20_input                            0x08004409   Thumb Code    28  ds18b20.o(i.ds18b20_input)
    ds18b20_output                           0x08004425   Thumb Code    28  ds18b20.o(i.ds18b20_output)
    ds18b20_read_bit                         0x08004441   Thumb Code    72  ds18b20.o(i.ds18b20_read_bit)
    ds18b20_read_byte                        0x08004489   Thumb Code    32  ds18b20.o(i.ds18b20_read_byte)
    ds18b20_reset                            0x080044a9   Thumb Code    70  ds18b20.o(i.ds18b20_reset)
    ds18b20_temp                             0x080044f1   Thumb Code    94  ds18b20.o(i.ds18b20_temp)
    ds18b20_write_byte                       0x08004559   Thumb Code    96  ds18b20.o(i.ds18b20_write_byte)
    fabs                                     0x080045b9   Thumb Code    24  fabs.o(i.fabs)
    main                                     0x080045d1   Thumb Code    48  main.o(i.main)
    read_sensors                             0x08004601   Thumb Code   194  main.o(i.read_sensors)
    sigfox_send                              0x080046f1   Thumb Code    70  sigfox.o(i.sigfox_send)
    sqrt                                     0x0800477d   Thumb Code   110  sqrt.o(i.sqrt)
    user_init                                0x080047ed   Thumb Code    20  main.o(i.user_init)
    AHBPrescTable                            0x08004808   Data          16  system_stm32l4xx.o(.constdata)
    MSIRangeTable                            0x08004818   Data          48  system_stm32l4xx.o(.constdata)
    APBPrescTable                            0x08004848   Data           8  system_stm32l4xx.o(.constdata)
    __mathlib_zero                           0x080048d8   Data           8  qnan.o(.constdata)
    Region$$Table$$Base                      0x080048e0   Number         0  anon$$obj.o(Region$$Table)
    Region$$Table$$Limit                     0x08004900   Number         0  anon$$obj.o(Region$$Table)
    IntegrationTime_t                        0x20000000   Data           1  tcs34725.o(.data)
    IIC_Addr_t                               0x20000002   Data           2  dev_config.o(.data)
    dht_hum_l                                0x20000004   Data           1  main.o(.data)
    dht_hum_h                                0x20000005   Data           1  main.o(.data)
    dht_tmp_l                                0x20000006   Data           1  main.o(.data)
    dht_tmp_h                                0x20000007   Data           1  main.o(.data)
    lux                                      0x20000008   Data           1  main.o(.data)
    air_hum                                  0x2000000a   Data           2  main.o(.data)
    soil_hum                                 0x2000000c   Data           2  main.o(.data)
    air_temp                                 0x2000000e   Data           2  main.o(.data)
    soil_temp                                0x20000010   Data           2  main.o(.data)
    rgb                                      0x20000012   Data           8  main.o(.data)
    val_adc                                  0x2000001c   Data           8  main.o(.data)
    uwTickPrio                               0x20000024   Data           4  stm32l4xx_hal.o(.data)
    uwTickFreq                               0x20000028   Data           4  stm32l4xx_hal.o(.data)
    uwTick                                   0x2000002c   Data           4  stm32l4xx_hal.o(.data)
    SystemCoreClock                          0x20000030   Data           4  system_stm32l4xx.o(.data)
    hadc1                                    0x20000038   Data         100  main.o(.bss)
    hi2c1                                    0x2000009c   Data          76  main.o(.bss)
    huart1                                   0x200000e8   Data         128  main.o(.bss)
    __initial_sp                             0x20000568   Data           0  startup_stm32l432xx.o(STACK)



==============================================================================

Memory Map of the image

  Image Entry point : 0x0800018d

  Load Region LR_IROM1 (Base: 0x08000000, Size: 0x00004938, Max: 0x00040000, ABSOLUTE)

    Execution Region ER_IROM1 (Exec base: 0x08000000, Load base: 0x08000000, Size: 0x00004900, Max: 0x00040000, ABSOLUTE)

    Exec Addr    Load Addr    Size         Type   Attr      Idx    E Section Name        Object

    0x08000000   0x08000000   0x0000018c   Data   RO            3    RESET               startup_stm32l432xx.o
    0x0800018c   0x0800018c   0x00000000   Code   RO         3516  * .ARM.Collect$$$$00000000  mc_w.l(entry.o)
    0x0800018c   0x0800018c   0x00000004   Code   RO         3833    .ARM.Collect$$$$00000001  mc_w.l(entry2.o)
    0x08000190   0x08000190   0x00000004   Code   RO         3836    .ARM.Collect$$$$00000004  mc_w.l(entry5.o)
    0x08000194   0x08000194   0x00000000   Code   RO         3838    .ARM.Collect$$$$00000008  mc_w.l(entry7b.o)
    0x08000194   0x08000194   0x00000000   Code   RO         3840    .ARM.Collect$$$$0000000A  mc_w.l(entry8b.o)
    0x08000194   0x08000194   0x00000008   Code   RO         3841    .ARM.Collect$$$$0000000B  mc_w.l(entry9a.o)
    0x0800019c   0x0800019c   0x00000000   Code   RO         3843    .ARM.Collect$$$$0000000D  mc_w.l(entry10a.o)
    0x0800019c   0x0800019c   0x00000000   Code   RO         3845    .ARM.Collect$$$$0000000F  mc_w.l(entry11a.o)
    0x0800019c   0x0800019c   0x00000004   Code   RO         3834    .ARM.Collect$$$$00002712  mc_w.l(entry2.o)
    0x080001a0   0x080001a0   0x00000024   Code   RO            4    .text               startup_stm32l432xx.o
    0x080001c4   0x080001c4   0x00000068   Code   RO         3519    .text               mc_w.l(uldiv.o)
    0x0800022c   0x0800022c   0x00000024   Code   RO         3521    .text               mc_w.l(memseta.o)
    0x08000250   0x08000250   0x000000ea   Code   RO         3784    .text               mf_w.l(dmul.o)
    0x0800033a   0x0800033a   0x000000de   Code   RO         3786    .text               mf_w.l(ddiv.o)
    0x08000418   0x08000418   0x00000022   Code   RO         3788    .text               mf_w.l(dflti.o)
    0x0800043a   0x0800043a   0x0000003e   Code   RO         3790    .text               mf_w.l(dfixi.o)
    0x08000478   0x08000478   0x00000026   Code   RO         3792    .text               mf_w.l(f2d.o)
    0x0800049e   0x0800049e   0x00000038   Code   RO         3794    .text               mf_w.l(d2f.o)
    0x080004d6   0x080004d6   0x0000001e   Code   RO         3852    .text               mc_w.l(llshl.o)
    0x080004f4   0x080004f4   0x00000020   Code   RO         3854    .text               mc_w.l(llushr.o)
    0x08000514   0x08000514   0x00000000   Code   RO         3863    .text               mc_w.l(iusefp.o)
    0x08000514   0x08000514   0x0000006e   Code   RO         3864    .text               mf_w.l(fepilogue.o)
    0x08000582   0x08000582   0x000000ba   Code   RO         3866    .text               mf_w.l(depilogue.o)
    0x0800063c   0x0800063c   0x0000015e   Code   RO         3868    .text               mf_w.l(dadd.o)
    0x0800079a   0x0800079a   0x0000002e   Code   RO         3872    .text               mf_w.l(dscalb.o)
    0x080007c8   0x080007c8   0x00000030   Code   RO         3876    .text               mf_w.l(cdrcmple.o)
    0x080007f8   0x080007f8   0x00000024   Code   RO         3878    .text               mc_w.l(init.o)
    0x0800081c   0x0800081c   0x00000024   Code   RO         3881    .text               mc_w.l(llsshr.o)
    0x08000840   0x08000840   0x000000a2   Code   RO         3884    .text               mf_w.l(dsqrt.o)
    0x080008e2   0x080008e2   0x00000068   Code   RO          685    i.ADC_DMAConvCplt   stm32l4xx_hal_adc.o
    0x0800094a   0x0800094a   0x0000001a   Code   RO          686    i.ADC_DMAError      stm32l4xx_hal_adc.o
    0x08000964   0x08000964   0x0000000a   Code   RO          687    i.ADC_DMAHalfConvCplt  stm32l4xx_hal_adc.o
    0x0800096e   0x0800096e   0x00000002   PAD
    0x08000970   0x08000970   0x00000068   Code   RO          689    i.ADC_Enable        stm32l4xx_hal_adc.o
    0x080009d8   0x080009d8   0x00000002   Code   RO          549    i.BusFault_Handler  stm32l4xx_it.o
    0x080009da   0x080009da   0x00000002   PAD
    0x080009dc   0x080009dc   0x00000030   Code   RO          298    i.DEV_I2C_ReadWord  dev_config.o
    0x08000a0c   0x08000a0c   0x0000002e   Code   RO         2817    i.DMA_SetConfig     stm32l4xx_hal_dma.o
    0x08000a3a   0x08000a3a   0x00000002   PAD
    0x08000a3c   0x08000a3c   0x00000044   Code   RO          204    i.DWT_Delay_Init    dwt_stm32_delay.o
    0x08000a80   0x08000a80   0x0000002c   Code   RO           13    i.DWT_Delay_us      dht22.o
    0x08000aac   0x08000aac   0x0000002c   Code   RO          381    i.DWT_Delay_us      ds18b20.o
    0x08000ad8   0x08000ad8   0x00000002   Code   RO          550    i.DebugMon_Handler  stm32l4xx_it.o
    0x08000ada   0x08000ada   0x00000002   Code   RO          458    i.Error_Handler     main.o
    0x08000adc   0x08000adc   0x000003f2   Code   RO          691    i.HAL_ADC_ConfigChannel  stm32l4xx_hal_adc.o
    0x08000ece   0x08000ece   0x00000002   Code   RO          692    i.HAL_ADC_ConvCpltCallback  stm32l4xx_hal_adc.o
    0x08000ed0   0x08000ed0   0x00000002   Code   RO          693    i.HAL_ADC_ConvHalfCpltCallback  stm32l4xx_hal_adc.o
    0x08000ed2   0x08000ed2   0x00000002   Code   RO          695    i.HAL_ADC_ErrorCallback  stm32l4xx_hal_adc.o
    0x08000ed4   0x08000ed4   0x000001ac   Code   RO          700    i.HAL_ADC_Init      stm32l4xx_hal_adc.o
    0x08001080   0x08001080   0x0000005c   Code   RO          625    i.HAL_ADC_MspInit   stm32l4xx_hal_msp.o
    0x080010dc   0x080010dc   0x000000b4   Code   RO          707    i.HAL_ADC_Start_DMA  stm32l4xx_hal_adc.o
    0x08001190   0x08001190   0x00000070   Code   RO         2828    i.HAL_DMA_Start_IT  stm32l4xx_hal_dma.o
    0x08001200   0x08001200   0x00000024   Code   RO         2067    i.HAL_Delay         stm32l4xx_hal.o
    0x08001224   0x08001224   0x00000192   Code   RO         2754    i.HAL_GPIO_Init     stm32l4xx_hal_gpio.o
    0x080013b6   0x080013b6   0x0000000a   Code   RO         2756    i.HAL_GPIO_ReadPin  stm32l4xx_hal_gpio.o
    0x080013c0   0x080013c0   0x0000000a   Code   RO         2758    i.HAL_GPIO_WritePin  stm32l4xx_hal_gpio.o
    0x080013ca   0x080013ca   0x00000002   PAD
    0x080013cc   0x080013cc   0x0000000c   Code   RO         2071    i.HAL_GetTick       stm32l4xx_hal.o
    0x080013d8   0x080013d8   0x00000056   Code   RO         1548    i.HAL_I2CEx_ConfigAnalogFilter  stm32l4xx_hal_i2c_ex.o
    0x0800142e   0x0800142e   0x00000052   Code   RO         1549    i.HAL_I2CEx_ConfigDigitalFilter  stm32l4xx_hal_i2c_ex.o
    0x08001480   0x08001480   0x000000b8   Code   RO         1102    i.HAL_I2C_Init      stm32l4xx_hal_i2c.o
    0x08001538   0x08001538   0x0000016a   Code   RO         1120    i.HAL_I2C_Mem_Read  stm32l4xx_hal_i2c.o
    0x080016a2   0x080016a2   0x00000002   PAD
    0x080016a4   0x080016a4   0x00000064   Code   RO          627    i.HAL_I2C_MspInit   stm32l4xx_hal_msp.o
    0x08001708   0x08001708   0x00000010   Code   RO         2077    i.HAL_IncTick       stm32l4xx_hal.o
    0x08001718   0x08001718   0x0000001e   Code   RO         2078    i.HAL_Init          stm32l4xx_hal.o
    0x08001736   0x08001736   0x00000002   PAD
    0x08001738   0x08001738   0x00000044   Code   RO         2079    i.HAL_InitTick      stm32l4xx_hal.o
    0x0800177c   0x0800177c   0x0000002c   Code   RO          628    i.HAL_MspInit       stm32l4xx_hal_msp.o
    0x080017a8   0x080017a8   0x00000040   Code   RO         3271    i.HAL_NVIC_SetPriority  stm32l4xx_hal_cortex.o
    0x080017e8   0x080017e8   0x00000024   Code   RO         3272    i.HAL_NVIC_SetPriorityGrouping  stm32l4xx_hal_cortex.o
    0x0800180c   0x0800180c   0x00000068   Code   RO         3045    i.HAL_PWREx_ControlVoltageScaling  stm32l4xx_hal_pwr_ex.o
    0x08001874   0x08001874   0x00000010   Code   RO         3072    i.HAL_PWREx_GetVoltageRange  stm32l4xx_hal_pwr_ex.o
    0x08001884   0x08001884   0x00000010   Code   RO         2937    i.HAL_PWR_EnableBkUpAccess  stm32l4xx_hal_pwr.o
    0x08001894   0x08001894   0x00000010   Code   RO         2381    i.HAL_RCCEx_EnableMSIPLLMode  stm32l4xx_hal_rcc_ex.o
    0x080018a4   0x080018a4   0x0000028a   Code   RO         2387    i.HAL_RCCEx_PeriphCLKConfig  stm32l4xx_hal_rcc_ex.o
    0x08001b2e   0x08001b2e   0x00000002   PAD
    0x08001b30   0x08001b30   0x00000120   Code   RO         2265    i.HAL_RCC_ClockConfig  stm32l4xx_hal_rcc.o
    0x08001c50   0x08001c50   0x0000000c   Code   RO         2269    i.HAL_RCC_GetHCLKFreq  stm32l4xx_hal_rcc.o
    0x08001c5c   0x08001c5c   0x00000024   Code   RO         2271    i.HAL_RCC_GetPCLK1Freq  stm32l4xx_hal_rcc.o
    0x08001c80   0x08001c80   0x00000024   Code   RO         2272    i.HAL_RCC_GetPCLK2Freq  stm32l4xx_hal_rcc.o
    0x08001ca4   0x08001ca4   0x000000a4   Code   RO         2273    i.HAL_RCC_GetSysClockFreq  stm32l4xx_hal_rcc.o
    0x08001d48   0x08001d48   0x00000524   Code   RO         2276    i.HAL_RCC_OscConfig  stm32l4xx_hal_rcc.o
    0x0800226c   0x0800226c   0x00000028   Code   RO         3276    i.HAL_SYSTICK_Config  stm32l4xx_hal_cortex.o
    0x08002294   0x08002294   0x00000066   Code   RO         1664    i.HAL_UART_Init     stm32l4xx_hal_uart.o
    0x080022fa   0x080022fa   0x00000002   PAD
    0x080022fc   0x080022fc   0x00000064   Code   RO          630    i.HAL_UART_MspInit  stm32l4xx_hal_msp.o
    0x08002360   0x08002360   0x00000064   Code   RO         1674    i.HAL_UART_Transmit_IT  stm32l4xx_hal_uart.o
    0x080023c4   0x080023c4   0x00000002   Code   RO          551    i.HardFault_Handler  stm32l4xx_it.o
    0x080023c6   0x080023c6   0x00000022   Code   RO         1149    i.I2C_Flush_TXDR    stm32l4xx_hal_i2c.o
    0x080023e8   0x080023e8   0x00000084   Code   RO         1157    i.I2C_IsAcknowledgeFailed  stm32l4xx_hal_i2c.o
    0x0800246c   0x0800246c   0x00000064   Code   RO         1160    i.I2C_RequestMemoryRead  stm32l4xx_hal_i2c.o
    0x080024d0   0x080024d0   0x0000002c   Code   RO         1164    i.I2C_TransferConfig  stm32l4xx_hal_i2c.o
    0x080024fc   0x080024fc   0x00000058   Code   RO         1165    i.I2C_WaitOnFlagUntilTimeout  stm32l4xx_hal_i2c.o
    0x08002554   0x08002554   0x0000004c   Code   RO         1167    i.I2C_WaitOnSTOPFlagUntilTimeout  stm32l4xx_hal_i2c.o
    0x080025a0   0x080025a0   0x00000050   Code   RO         1168    i.I2C_WaitOnTXISFlagUntilTimeout  stm32l4xx_hal_i2c.o
    0x080025f0   0x080025f0   0x0000000c   Code   RO          713    i.LL_ADC_GetOffsetChannel  stm32l4xx_hal_adc.o
    0x080025fc   0x080025fc   0x00000008   Code   RO          714    i.LL_ADC_INJ_IsConversionOngoing  stm32l4xx_hal_adc.o
    0x08002604   0x08002604   0x00000008   Code   RO          715    i.LL_ADC_REG_IsConversionOngoing  stm32l4xx_hal_adc.o
    0x0800260c   0x0800260c   0x00000010   Code   RO          716    i.LL_ADC_REG_IsTriggerSourceSWStart  stm32l4xx_hal_adc.o
    0x0800261c   0x0800261c   0x0000001e   Code   RO          718    i.LL_ADC_SetChannelSamplingTime  stm32l4xx_hal_adc.o
    0x0800263a   0x0800263a   0x00000010   Code   RO          719    i.LL_ADC_SetOffsetState  stm32l4xx_hal_adc.o
    0x0800264a   0x0800264a   0x00000002   PAD
    0x0800264c   0x0800264c   0x00000084   Code   RO          459    i.MX_ADC1_Init      main.o
    0x080026d0   0x080026d0   0x00000090   Code   RO          460    i.MX_GPIO_Init      main.o
    0x08002760   0x08002760   0x00000044   Code   RO          461    i.MX_I2C1_Init      main.o
    0x080027a4   0x080027a4   0x0000002c   Code   RO          462    i.MX_USART1_UART_Init  main.o
    0x080027d0   0x080027d0   0x00000002   Code   RO          552    i.MemManage_Handler  stm32l4xx_it.o
    0x080027d2   0x080027d2   0x00000002   Code   RO          553    i.NMI_Handler       stm32l4xx_it.o
    0x080027d4   0x080027d4   0x00000002   Code   RO          554    i.PendSV_Handler    stm32l4xx_it.o
    0x080027d6   0x080027d6   0x00000002   PAD
    0x080027d8   0x080027d8   0x0000012c   Code   RO         2391    i.RCCEx_PLLSAI1_Config  stm32l4xx_hal_rcc_ex.o
    0x08002904   0x08002904   0x0000007c   Code   RO         2277    i.RCC_SetFlashLatencyFromMSIRange  stm32l4xx_hal_rcc.o
    0x08002980   0x08002980   0x00000002   Code   RO          555    i.SVC_Handler       stm32l4xx_it.o
    0x08002982   0x08002982   0x00000004   Code   RO          556    i.SysTick_Handler   stm32l4xx_it.o
    0x08002986   0x08002986   0x00000002   PAD
    0x08002988   0x08002988   0x000000a8   Code   RO          463    i.SystemClock_Config  main.o
    0x08002a30   0x08002a30   0x00000044   Code   RO         3468    i.SystemInit        system_stm32l4xx.o
    0x08002a74   0x08002a74   0x00000070   Code   RO          232    i.TCS34725_Get_RGBData  tcs34725.o
    0x08002ae4   0x08002ae4   0x00000008   Code   RO          235    i.TCS34725_ReadWord  tcs34725.o
    0x08002aec   0x08002aec   0x000000c8   Code   RO         1677    i.UART_AdvFeatureConfig  stm32l4xx_hal_uart.o
    0x08002bb4   0x08002bb4   0x00000058   Code   RO         1678    i.UART_CheckIdleState  stm32l4xx_hal_uart.o
    0x08002c0c   0x08002c0c   0x00000234   Code   RO         1693    i.UART_SetConfig    stm32l4xx_hal_uart.o
    0x08002e40   0x08002e40   0x00000040   Code   RO         1694    i.UART_TxISR_16BIT  stm32l4xx_hal_uart.o
    0x08002e80   0x08002e80   0x0000003c   Code   RO         1695    i.UART_TxISR_8BIT   stm32l4xx_hal_uart.o
    0x08002ebc   0x08002ebc   0x00000060   Code   RO         1696    i.UART_WaitOnFlagUntilTimeout  stm32l4xx_hal_uart.o
    0x08002f1c   0x08002f1c   0x00000002   Code   RO          557    i.UsageFault_Handler  stm32l4xx_it.o
    0x08002f1e   0x08002f1e   0x00000002   PAD
    0x08002f20   0x08002f20   0x00000028   Code   RO         3732    i.__0sprintf$8      mc_w.l(printf8.o)
    0x08002f48   0x08002f48   0x00000030   Code   RO         3816    i.__ARM_fpclassify  m_wm.l(fpclassify.o)
    0x08002f78   0x08002f78   0x00000020   Code   RO         3278    i.__NVIC_SetPriority  stm32l4xx_hal_cortex.o
    0x08002f98   0x08002f98   0x00000c80   Code   RO         3502    i.__hardfp_pow      m_wm.l(pow.o)
    0x08003c18   0x08003c18   0x000000f8   Code   RO         3818    i.__kernel_poly     m_wm.l(poly.o)
    0x08003d10   0x08003d10   0x00000030   Code   RO         3796    i.__mathlib_dbl_divzero  m_wm.l(dunder.o)
    0x08003d40   0x08003d40   0x00000014   Code   RO         3798    i.__mathlib_dbl_infnan2  m_wm.l(dunder.o)
    0x08003d54   0x08003d54   0x00000004   PAD
    0x08003d58   0x08003d58   0x00000020   Code   RO         3799    i.__mathlib_dbl_invalid  m_wm.l(dunder.o)
    0x08003d78   0x08003d78   0x00000020   Code   RO         3800    i.__mathlib_dbl_overflow  m_wm.l(dunder.o)
    0x08003d98   0x08003d98   0x00000020   Code   RO         3802    i.__mathlib_dbl_underflow  m_wm.l(dunder.o)
    0x08003db8   0x08003db8   0x0000000e   Code   RO         3890    i.__scatterload_copy  mc_w.l(handlers.o)
    0x08003dc6   0x08003dc6   0x00000002   Code   RO         3891    i.__scatterload_null  mc_w.l(handlers.o)
    0x08003dc8   0x08003dc8   0x0000000e   Code   RO         3892    i.__scatterload_zeroinit  mc_w.l(handlers.o)
    0x08003dd6   0x08003dd6   0x00000002   PAD
    0x08003dd8   0x08003dd8   0x0000000c   Code   RO         3858    i.__set_errno       mc_w.l(errno.o)
    0x08003de4   0x08003de4   0x00000416   Code   RO         3737    i._printf_core      mc_w.l(printf8.o)
    0x080041fa   0x080041fa   0x00000024   Code   RO         3738    i._printf_post_padding  mc_w.l(printf8.o)
    0x0800421e   0x0800421e   0x0000002e   Code   RO         3739    i._printf_pre_padding  mc_w.l(printf8.o)
    0x0800424c   0x0800424c   0x0000000a   Code   RO         3741    i._sputc            mc_w.l(printf8.o)
    0x08004256   0x08004256   0x00000002   PAD
    0x08004258   0x08004258   0x00000018   Code   RO           14    i.dht_hum           dht22.o
    0x08004270   0x08004270   0x00000028   Code   RO           15    i.dht_input         dht22.o
    0x08004298   0x08004298   0x00000028   Code   RO           16    i.dht_output        dht22.o
    0x080042c0   0x080042c0   0x00000044   Code   RO           17    i.dht_read          dht22.o
    0x08004304   0x08004304   0x0000005c   Code   RO           18    i.dht_read_byte     dht22.o
    0x08004360   0x08004360   0x0000003c   Code   RO           19    i.dht_ready         dht22.o
    0x0800439c   0x0800439c   0x00000024   Code   RO           20    i.dht_start         dht22.o
    0x080043c0   0x080043c0   0x0000002c   Code   RO           21    i.dht_tmp           dht22.o
    0x080043ec   0x080043ec   0x0000001c   Code   RO          382    i.ds18b20_convert   ds18b20.o
    0x08004408   0x08004408   0x0000001c   Code   RO          383    i.ds18b20_input     ds18b20.o
    0x08004424   0x08004424   0x0000001c   Code   RO          384    i.ds18b20_output    ds18b20.o
    0x08004440   0x08004440   0x00000048   Code   RO          385    i.ds18b20_read_bit  ds18b20.o
    0x08004488   0x08004488   0x00000020   Code   RO          386    i.ds18b20_read_byte  ds18b20.o
    0x080044a8   0x080044a8   0x00000046   Code   RO          387    i.ds18b20_reset     ds18b20.o
    0x080044ee   0x080044ee   0x00000002   PAD
    0x080044f0   0x080044f0   0x00000068   Code   RO          388    i.ds18b20_temp      ds18b20.o
    0x08004558   0x08004558   0x00000060   Code   RO          390    i.ds18b20_write_byte  ds18b20.o
    0x080045b8   0x080045b8   0x00000018   Code   RO         3812    i.fabs              m_wm.l(fabs.o)
    0x080045d0   0x080045d0   0x00000030   Code   RO          464    i.main              main.o
    0x08004600   0x08004600   0x000000f0   Code   RO          465    i.read_sensors      main.o
    0x080046f0   0x080046f0   0x0000008c   Code   RO          349    i.sigfox_send       sigfox.o
    0x0800477c   0x0800477c   0x0000006e   Code   RO         3823    i.sqrt              m_wm.l(sqrt.o)
    0x080047ea   0x080047ea   0x00000002   PAD
    0x080047ec   0x080047ec   0x0000001c   Code   RO          466    i.user_init         main.o
    0x08004808   0x08004808   0x00000040   Data   RO         3469    .constdata          system_stm32l4xx.o
    0x08004848   0x08004848   0x00000008   Data   RO         3470    .constdata          system_stm32l4xx.o
    0x08004850   0x08004850   0x00000088   Data   RO         3505    .constdata          m_wm.l(pow.o)
    0x080048d8   0x080048d8   0x00000008   Data   RO         3820    .constdata          m_wm.l(qnan.o)
    0x080048e0   0x080048e0   0x00000020   Data   RO         3888    Region$$Table       anon$$obj.o


    Execution Region RW_IRAM1 (Exec base: 0x20000000, Load base: 0x08004900, Size: 0x00000568, Max: 0x00010000, ABSOLUTE)

    Exec Addr    Load Addr    Size         Type   Attr      Idx    E Section Name        Object

    0x20000000   0x08004900   0x00000001   Data   RW          238    .data               tcs34725.o
    0x20000001   0x08004901   0x00000001   PAD
    0x20000002   0x08004902   0x00000002   Data   RW          302    .data               dev_config.o
    0x20000004   0x08004904   0x00000001   Data   RW          468    .data               main.o
    0x20000005   0x08004905   0x00000001   Data   RW          469    .data               main.o
    0x20000006   0x08004906   0x00000001   Data   RW          470    .data               main.o
    0x20000007   0x08004907   0x00000001   Data   RW          471    .data               main.o
    0x20000008   0x08004908   0x0000001c   Data   RW          472    .data               main.o
    0x20000024   0x08004924   0x0000000c   Data   RW         2090    .data               stm32l4xx_hal.o
    0x20000030   0x08004930   0x00000004   Data   RW         3471    .data               system_stm32l4xx.o
    0x20000034   0x08004934   0x00000004   Data   RW         3859    .data               mc_w.l(errno.o)
    0x20000038        -       0x00000130   Zero   RW          467    .bss                main.o
    0x20000168        -       0x00000400   Zero   RW            1    STACK               startup_stm32l432xx.o


==============================================================================

Image component sizes


      Code (inc. data)   RO Data    RW Data    ZI Data      Debug   Object Name

        48         10          0          2          0        768   dev_config.o
       448         68          0          0          0     647960   dht22.o
       502         20          0          0          0       5156   ds18b20.o
        68         10          0          0          0        545   dwt_stm32_delay.o
       874        114          0         32        304       5770   main.o
       140         70          0          0          0        510   sigfox.o
        36          8        396          0       1024        828   startup_stm32l432xx.o
       162         24          0         12          0       4209   stm32l4xx_hal.o
      1958        100          0          0          0      64045   stm32l4xx_hal_adc.o
       172         14          0          0          0      33226   stm32l4xx_hal_cortex.o
       158          0          0          0          0       2011   stm32l4xx_hal_dma.o
       422         20          0          0          0       3039   stm32l4xx_hal_gpio.o
      1100         30          0          0          0       9446   stm32l4xx_hal_i2c.o
       168          0          0          0          0       1899   stm32l4xx_hal_i2c_ex.o
       336         36          0          0          0       2945   stm32l4xx_hal_msp.o
        16          4          0          0          0        539   stm32l4xx_hal_pwr.o
       120         20          0          0          0       1354   stm32l4xx_hal_pwr_ex.o
      1976        102          0          0          0       7364   stm32l4xx_hal_rcc.o
       966         36          0          0          0       3585   stm32l4xx_hal_rcc_ex.o
      1274         66          0          0          0       7240   stm32l4xx_hal_uart.o
        20          0          0          0          0       4034   stm32l4xx_it.o
        68         12         72          4          0       1189   system_stm32l4xx.o
       120          4          0          1          0       3811   tcs34725.o

    ----------------------------------------------------------------------
     11178        768        500         52       1328     811473   Object Totals
         0          0         32          0          0          0   (incl. Generated)
        26          0          0          1          0          0   (incl. Padding)

    ----------------------------------------------------------------------

      Code (inc. data)   RO Data    RW Data    ZI Data      Debug   Library Member Name

       164         44          0          0          0        620   dunder.o
        24          0          0          0          0        124   fabs.o
        48          0          0          0          0        124   fpclassify.o
       248          0          0          0          0        152   poly.o
      3200        296        136          0          0        352   pow.o
         0          0          8          0          0          0   qnan.o
       110          0          0          0          0        148   sqrt.o
         0          0          0          0          0          0   entry.o
         0          0          0          0          0          0   entry10a.o
         0          0          0          0          0          0   entry11a.o
         8          4          0          0          0          0   entry2.o
         4          0          0          0          0          0   entry5.o
         0          0          0          0          0          0   entry7b.o
         0          0          0          0          0          0   entry8b.o
         8          4          0          0          0          0   entry9a.o
        12          6          0          4          0         68   errno.o
        30          0          0          0          0          0   handlers.o
        36          8          0          0          0         68   init.o
         0          0          0          0          0          0   iusefp.o
        30          0          0          0          0         68   llshl.o
        36          0          0          0          0         68   llsshr.o
        32          0          0          0          0         68   llushr.o
        36          0          0          0          0        108   memseta.o
      1178         50          0          0          0        420   printf8.o
       104          0          0          0          0         92   uldiv.o
        48          0          0          0          0         68   cdrcmple.o
        56          0          0          0          0         88   d2f.o
       350          0          0          0          0        148   dadd.o
       222          0          0          0          0        100   ddiv.o
       186          0          0          0          0        176   depilogue.o
        62          0          0          0          0         80   dfixi.o
        34          0          0          0          0         76   dflti.o
       234          0          0          0          0         96   dmul.o
        46          0          0          0          0         80   dscalb.o
       162          0          0          0          0        100   dsqrt.o
        38          0          0          0          0         68   f2d.o
       110          0          0          0          0        168   fepilogue.o

    ----------------------------------------------------------------------
      6866        412        144          4          0       3728   Library Totals
        10          0          0          0          0          0   (incl. Padding)

    ----------------------------------------------------------------------

      Code (inc. data)   RO Data    RW Data    ZI Data      Debug   Library Name

      3794        340        144          0          0       1520   m_wm.l
      1514         72          0          4          0        960   mc_w.l
      1548          0          0          0          0       1248   mf_w.l

    ----------------------------------------------------------------------
      6866        412        144          4          0       3728   Library Totals

    ----------------------------------------------------------------------

==============================================================================


      Code (inc. data)   RO Data    RW Data    ZI Data      Debug   

     18044       1180        644         56       1328     803313   Grand Totals
     18044       1180        644         56       1328     803313   ELF Image Totals
     18044       1180        644         56          0          0   ROM Totals

==============================================================================

    Total RO  Size (Code + RO Data)                18688 (  18.25kB)
    Total RW  Size (RW Data + ZI Data)              1384 (   1.35kB)
    Total ROM Size (Code + RO Data + RW Data)      18744 (  18.30kB)

==============================================================================

